Command line invocation:
    /Applications/Xcode.app/Contents/Developer/usr/bin/xcodebuild -project 1V1Mobile.xcodeproj -scheme 1v1 -sdk iphonesimulator -destination "platform=iOS Simulator,name=iPhone 16" build

Build settings from command line:
    SDKROOT = iphonesimulator18.5

Resolve Package Graph


Resolved source packages:
  GTMAppAuth: https://github.com/google/GTMAppAuth.git @ 4.1.1
  GoogleSignIn: https://github.com/google/GoogleSignIn-iOS @ 7.1.0
  swift-clocks: https://github.com/pointfreeco/swift-clocks @ 1.0.6
  swift-http-types: https://github.com/apple/swift-http-types.git @ 1.4.0
  swift-concurrency-extras: https://github.com/pointfreeco/swift-concurrency-extras @ 1.3.1
  GTMSessionFetcher: https://github.com/google/gtm-session-fetcher.git @ 3.5.0
  Supabase: https://github.com/supabase/supabase-swift @ 2.31.2
  swift-crypto: https://github.com/apple/swift-crypto.git @ 3.14.0
  swift-asn1: https://github.com/apple/swift-asn1.git @ 1.4.0
  xctest-dynamic-overlay: https://github.com/pointfreeco/xctest-dynamic-overlay @ 1.6.1
  AppAuth: https://github.com/openid/AppAuth-iOS.git @ 1.7.6

--- xcodebuild: WARNING: Using the first of multiple matching destinations:
{ platform:iOS Simulator, arch:arm64, id:79F32110-15CA-4479-A34F-1116E5CCFFF0, OS:18.6, name:iPhone 16 }
{ platform:iOS Simulator, arch:x86_64, id:79F32110-15CA-4479-A34F-1116E5CCFFF0, OS:18.6, name:iPhone 16 }
ComputePackagePrebuildTargetDependencyGraph

Prepare packages

CreateBuildRequest

SendProjectDescription

CreateBuildOperation

ComputeTargetDependencyGraph
note: Building targets in dependency order
note: Target dependency graph (38 targets)
    Target '1v1' in project '1V1Mobile'
        ➜ Explicit dependency on target 'GoogleSignIn' in project 'GoogleSignIn'
        ➜ Explicit dependency on target 'Supabase' in project 'Supabase'
    Target 'Supabase' in project 'Supabase'
        ➜ Explicit dependency on target 'Supabase' in project 'Supabase'
        ➜ Explicit dependency on target 'Functions' in project 'Supabase'
        ➜ Explicit dependency on target 'PostgREST' in project 'Supabase'
        ➜ Explicit dependency on target 'Auth' in project 'Supabase'
        ➜ Explicit dependency on target 'Realtime' in project 'Supabase'
        ➜ Explicit dependency on target 'Storage' in project 'Supabase'
        ➜ Explicit dependency on target 'Helpers' in project 'Supabase'
        ➜ Explicit dependency on target 'ConcurrencyExtras' in project 'swift-concurrency-extras'
        ➜ Explicit dependency on target 'HTTPTypes' in project 'swift-http-types'
        ➜ Explicit dependency on target 'Clocks' in project 'swift-clocks'
        ➜ Explicit dependency on target 'XCTestDynamicOverlay' in project 'xctest-dynamic-overlay'
        ➜ Explicit dependency on target 'Crypto' in project 'swift-crypto'
        ➜ Explicit dependency on target 'IssueReporting' in project 'xctest-dynamic-overlay'
    Target 'Supabase' in project 'Supabase'
        ➜ Explicit dependency on target 'Helpers' in project 'Supabase'
        ➜ Explicit dependency on target 'Auth' in project 'Supabase'
        ➜ Explicit dependency on target 'Functions' in project 'Supabase'
        ➜ Explicit dependency on target 'PostgREST' in project 'Supabase'
        ➜ Explicit dependency on target 'Realtime' in project 'Supabase'
        ➜ Explicit dependency on target 'Storage' in project 'Supabase'
        ➜ Explicit dependency on target 'ConcurrencyExtras' in project 'swift-concurrency-extras'
        ➜ Explicit dependency on target 'HTTPTypes' in project 'swift-http-types'
        ➜ Explicit dependency on target 'Clocks' in project 'swift-clocks'
        ➜ Explicit dependency on target 'XCTestDynamicOverlay' in project 'xctest-dynamic-overlay'
        ➜ Explicit dependency on target 'Crypto' in project 'swift-crypto'
        ➜ Explicit dependency on target 'IssueReporting' in project 'xctest-dynamic-overlay'
    Target 'Storage' in project 'Supabase'
        ➜ Explicit dependency on target 'Helpers' in project 'Supabase'
        ➜ Explicit dependency on target 'ConcurrencyExtras' in project 'swift-concurrency-extras'
        ➜ Explicit dependency on target 'HTTPTypes' in project 'swift-http-types'
        ➜ Explicit dependency on target 'Clocks' in project 'swift-clocks'
        ➜ Explicit dependency on target 'XCTestDynamicOverlay' in project 'xctest-dynamic-overlay'
    Target 'Realtime' in project 'Supabase'
        ➜ Explicit dependency on target 'Helpers' in project 'Supabase'
        ➜ Explicit dependency on target 'ConcurrencyExtras' in project 'swift-concurrency-extras'
        ➜ Explicit dependency on target 'HTTPTypes' in project 'swift-http-types'
        ➜ Explicit dependency on target 'Clocks' in project 'swift-clocks'
        ➜ Explicit dependency on target 'XCTestDynamicOverlay' in project 'xctest-dynamic-overlay'
        ➜ Explicit dependency on target 'IssueReporting' in project 'xctest-dynamic-overlay'
    Target 'PostgREST' in project 'Supabase'
        ➜ Explicit dependency on target 'Helpers' in project 'Supabase'
        ➜ Explicit dependency on target 'ConcurrencyExtras' in project 'swift-concurrency-extras'
        ➜ Explicit dependency on target 'HTTPTypes' in project 'swift-http-types'
        ➜ Explicit dependency on target 'Clocks' in project 'swift-clocks'
        ➜ Explicit dependency on target 'XCTestDynamicOverlay' in project 'xctest-dynamic-overlay'
    Target 'Functions' in project 'Supabase'
        ➜ Explicit dependency on target 'Helpers' in project 'Supabase'
        ➜ Explicit dependency on target 'ConcurrencyExtras' in project 'swift-concurrency-extras'
        ➜ Explicit dependency on target 'HTTPTypes' in project 'swift-http-types'
        ➜ Explicit dependency on target 'Clocks' in project 'swift-clocks'
        ➜ Explicit dependency on target 'XCTestDynamicOverlay' in project 'xctest-dynamic-overlay'
    Target 'Auth' in project 'Supabase'
        ➜ Explicit dependency on target 'Helpers' in project 'Supabase'
        ➜ Explicit dependency on target 'ConcurrencyExtras' in project 'swift-concurrency-extras'
        ➜ Explicit dependency on target 'HTTPTypes' in project 'swift-http-types'
        ➜ Explicit dependency on target 'Clocks' in project 'swift-clocks'
        ➜ Explicit dependency on target 'XCTestDynamicOverlay' in project 'xctest-dynamic-overlay'
        ➜ Explicit dependency on target 'Crypto' in project 'swift-crypto'
    Target 'Crypto' in project 'swift-crypto'
        ➜ Explicit dependency on target 'Crypto' in project 'swift-crypto'
        ➜ Explicit dependency on target 'swift-crypto_Crypto' in project 'swift-crypto'
    Target 'Crypto' in project 'swift-crypto'
        ➜ Explicit dependency on target 'swift-crypto_Crypto' in project 'swift-crypto'
    Target 'swift-crypto_Crypto' in project 'swift-crypto' (no dependencies)
    Target 'Helpers' in project 'Supabase'
        ➜ Explicit dependency on target 'ConcurrencyExtras' in project 'swift-concurrency-extras'
        ➜ Explicit dependency on target 'HTTPTypes' in project 'swift-http-types'
        ➜ Explicit dependency on target 'Clocks' in project 'swift-clocks'
        ➜ Explicit dependency on target 'XCTestDynamicOverlay' in project 'xctest-dynamic-overlay'
    Target 'XCTestDynamicOverlay' in project 'xctest-dynamic-overlay'
        ➜ Explicit dependency on target 'XCTestDynamicOverlay' in project 'xctest-dynamic-overlay'
        ➜ Explicit dependency on target 'IssueReportingPackageSupport' in project 'xctest-dynamic-overlay'
        ➜ Explicit dependency on target 'IssueReporting' in project 'xctest-dynamic-overlay'
    Target 'XCTestDynamicOverlay' in project 'xctest-dynamic-overlay'
        ➜ Explicit dependency on target 'IssueReportingPackageSupport' in project 'xctest-dynamic-overlay'
        ➜ Explicit dependency on target 'IssueReporting' in project 'xctest-dynamic-overlay'
    Target 'Clocks' in project 'swift-clocks'
        ➜ Explicit dependency on target 'Clocks' in project 'swift-clocks'
        ➜ Explicit dependency on target 'ConcurrencyExtras' in project 'swift-concurrency-extras'
        ➜ Explicit dependency on target 'IssueReporting' in project 'xctest-dynamic-overlay'
    Target 'Clocks' in project 'swift-clocks'
        ➜ Explicit dependency on target 'ConcurrencyExtras' in project 'swift-concurrency-extras'
        ➜ Explicit dependency on target 'IssueReporting' in project 'xctest-dynamic-overlay'
    Target 'IssueReporting' in project 'xctest-dynamic-overlay'
        ➜ Explicit dependency on target 'IssueReporting' in project 'xctest-dynamic-overlay'
        ➜ Explicit dependency on target 'IssueReportingPackageSupport' in project 'xctest-dynamic-overlay'
    Target 'IssueReporting' in project 'xctest-dynamic-overlay'
        ➜ Explicit dependency on target 'IssueReportingPackageSupport' in project 'xctest-dynamic-overlay'
    Target 'IssueReportingPackageSupport' in project 'xctest-dynamic-overlay' (no dependencies)
    Target 'HTTPTypes' in project 'swift-http-types'
        ➜ Explicit dependency on target 'HTTPTypes' in project 'swift-http-types'
    Target 'HTTPTypes' in project 'swift-http-types' (no dependencies)
    Target 'ConcurrencyExtras' in project 'swift-concurrency-extras'
        ➜ Explicit dependency on target 'ConcurrencyExtras' in project 'swift-concurrency-extras'
    Target 'ConcurrencyExtras' in project 'swift-concurrency-extras' (no dependencies)
    Target 'GoogleSignIn' in project 'GoogleSignIn'
        ➜ Explicit dependency on target 'GoogleSignIn' in project 'GoogleSignIn'
        ➜ Explicit dependency on target 'GoogleSignIn_GoogleSignIn' in project 'GoogleSignIn'
        ➜ Explicit dependency on target 'AppAuth' in project 'AppAuth'
        ➜ Explicit dependency on target 'GTMAppAuth' in project 'GTMAppAuth'
        ➜ Explicit dependency on target 'GTMSessionFetcherCore' in project 'GTMSessionFetcher'
    Target 'GoogleSignIn' in project 'GoogleSignIn'
        ➜ Explicit dependency on target 'GoogleSignIn_GoogleSignIn' in project 'GoogleSignIn'
        ➜ Explicit dependency on target 'AppAuth' in project 'AppAuth'
        ➜ Explicit dependency on target 'GTMAppAuth' in project 'GTMAppAuth'
        ➜ Explicit dependency on target 'GTMSessionFetcherCore' in project 'GTMSessionFetcher'
    Target 'GTMAppAuth' in project 'GTMAppAuth'
        ➜ Explicit dependency on target 'GTMAppAuth' in project 'GTMAppAuth'
        ➜ Explicit dependency on target 'GTMAppAuth_GTMAppAuth' in project 'GTMAppAuth'
        ➜ Explicit dependency on target 'GTMSessionFetcherCore' in project 'GTMSessionFetcher'
        ➜ Explicit dependency on target 'AppAuthCore' in project 'AppAuth'
    Target 'GTMAppAuth' in project 'GTMAppAuth'
        ➜ Explicit dependency on target 'GTMAppAuth_GTMAppAuth' in project 'GTMAppAuth'
        ➜ Explicit dependency on target 'GTMSessionFetcherCore' in project 'GTMSessionFetcher'
        ➜ Explicit dependency on target 'AppAuthCore' in project 'AppAuth'
    Target 'AppAuthCore' in project 'AppAuth'
        ➜ Explicit dependency on target 'AppAuthCore' in project 'AppAuth'
        ➜ Explicit dependency on target 'AppAuth_AppAuthCore' in project 'AppAuth'
    Target 'GTMSessionFetcherCore' in project 'GTMSessionFetcher'
        ➜ Explicit dependency on target 'GTMSessionFetcherCore' in project 'GTMSessionFetcher'
        ➜ Explicit dependency on target 'GTMSessionFetcher_GTMSessionFetcherCore' in project 'GTMSessionFetcher'
    Target 'GTMSessionFetcherCore' in project 'GTMSessionFetcher'
        ➜ Explicit dependency on target 'GTMSessionFetcher_GTMSessionFetcherCore' in project 'GTMSessionFetcher'
    Target 'GTMSessionFetcher_GTMSessionFetcherCore' in project 'GTMSessionFetcher' (no dependencies)
    Target 'GTMAppAuth_GTMAppAuth' in project 'GTMAppAuth' (no dependencies)
    Target 'AppAuth' in project 'AppAuth'
        ➜ Explicit dependency on target 'AppAuth' in project 'AppAuth'
        ➜ Explicit dependency on target 'AppAuth_AppAuth' in project 'AppAuth'
        ➜ Explicit dependency on target 'AppAuthCore' in project 'AppAuth'
    Target 'AppAuth' in project 'AppAuth'
        ➜ Explicit dependency on target 'AppAuth_AppAuth' in project 'AppAuth'
        ➜ Explicit dependency on target 'AppAuthCore' in project 'AppAuth'
    Target 'AppAuthCore' in project 'AppAuth'
        ➜ Explicit dependency on target 'AppAuth_AppAuthCore' in project 'AppAuth'
    Target 'AppAuth_AppAuthCore' in project 'AppAuth' (no dependencies)
    Target 'AppAuth_AppAuth' in project 'AppAuth' (no dependencies)
    Target 'GoogleSignIn_GoogleSignIn' in project 'GoogleSignIn' (no dependencies)

GatherProvisioningInputs

CreateBuildDescription

ExecuteExternalTool /Applications/Xcode.app/Contents/Developer/Toolchains/XcodeDefault.xctoolchain/usr/bin/clang -v -E -dM -arch arm64 -isysroot /Applications/Xcode.app/Contents/Developer/Platforms/iPhoneSimulator.platform/Developer/SDKs/iPhoneSimulator18.5.sdk -x objective-c -c /dev/null

ExecuteExternalTool /Applications/Xcode.app/Contents/Developer/Toolchains/XcodeDefault.xctoolchain/usr/bin/swiftc --version

ExecuteExternalTool /Applications/Xcode.app/Contents/Developer/Toolchains/XcodeDefault.xctoolchain/usr/bin/clang -v -E -dM -isysroot /Applications/Xcode.app/Contents/Developer/Platforms/iPhoneSimulator.platform/Developer/SDKs/iPhoneSimulator18.5.sdk -x c -c /dev/null

ExecuteExternalTool /Applications/Xcode.app/Contents/Developer/usr/bin/actool --print-asset-tag-combinations --output-format xml1 /Users/danjames/Documents/GitHub/1V1-Mobile/1v1/Preview Content/Preview Assets.xcassets /Users/danjames/Documents/GitHub/1V1-Mobile/1v1/Assets.xcassets

ExecuteExternalTool /Applications/Xcode.app/Contents/Developer/Toolchains/XcodeDefault.xctoolchain/usr/bin/ld -version_details

ExecuteExternalTool /Applications/Xcode.app/Contents/Developer/usr/bin/actool --version --output-format xml1

ExecuteExternalTool /Applications/Xcode.app/Contents/Developer/Toolchains/XcodeDefault.xctoolchain/usr/bin/clang -v -E -dM -arch arm64 -isysroot /Applications/Xcode.app/Contents/Developer/Platforms/iPhoneSimulator.platform/Developer/SDKs/iPhoneSimulator18.5.sdk -x c -c /dev/null

ReadFileContents /Applications/Xcode.app/Contents/Developer/Toolchains/XcodeDefault.xctoolchain/usr/share/docc/features.json

Build description signature: f9728834c5788d1afcead7ae532bde83
Build description path: /Users/danjames/Library/Developer/Xcode/DerivedData/1V1Mobile-axdgjfsmmtqimxaoehmaufzgpdtu/Build/Intermediates.noindex/XCBuildData/f9728834c5788d1afcead7ae532bde83.xcbuilddata
ClangStatCache /Applications/Xcode.app/Contents/Developer/Toolchains/XcodeDefault.xctoolchain/usr/bin/clang-stat-cache /Applications/Xcode.app/Contents/Developer/Platforms/iPhoneSimulator.platform/Developer/SDKs/iPhoneSimulator18.5.sdk /Users/danjames/Library/Developer/Xcode/DerivedData/SDKStatCaches.noindex/iphonesimulator18.5-22F76-d5fc8ad4295d2ef488fb7d0f804ce0c4.sdkstatcache
    cd /Users/danjames/Documents/GitHub/1V1-Mobile/1V1Mobile.xcodeproj
    /Applications/Xcode.app/Contents/Developer/Toolchains/XcodeDefault.xctoolchain/usr/bin/clang-stat-cache /Applications/Xcode.app/Contents/Developer/Platforms/iPhoneSimulator.platform/Developer/SDKs/iPhoneSimulator18.5.sdk -o /Users/danjames/Library/Developer/Xcode/DerivedData/SDKStatCaches.noindex/iphonesimulator18.5-22F76-d5fc8ad4295d2ef488fb7d0f804ce0c4.sdkstatcache

ProcessInfoPlistFile /Users/danjames/Library/Developer/Xcode/DerivedData/1V1Mobile-axdgjfsmmtqimxaoehmaufzgpdtu/Build/Products/Debug-iphonesimulator/swift-crypto_Crypto.bundle/Info.plist /Users/danjames/Library/Developer/Xcode/DerivedData/1V1Mobile-axdgjfsmmtqimxaoehmaufzgpdtu/Build/Intermediates.noindex/swift-crypto.build/Debug-iphonesimulator/swift-crypto_Crypto.build/empty-swift-crypto_Crypto.plist (in target 'swift-crypto_Crypto' from project 'swift-crypto')
    cd /Users/danjames/Library/Developer/Xcode/DerivedData/1V1Mobile-axdgjfsmmtqimxaoehmaufzgpdtu/SourcePackages/checkouts/swift-crypto
    builtin-infoPlistUtility /Users/danjames/Library/Developer/Xcode/DerivedData/1V1Mobile-axdgjfsmmtqimxaoehmaufzgpdtu/Build/Intermediates.noindex/swift-crypto.build/Debug-iphonesimulator/swift-crypto_Crypto.build/empty-swift-crypto_Crypto.plist -producttype com.apple.product-type.bundle -expandbuildsettings -format binary -platform iphonesimulator -o /Users/danjames/Library/Developer/Xcode/DerivedData/1V1Mobile-axdgjfsmmtqimxaoehmaufzgpdtu/Build/Products/Debug-iphonesimulator/swift-crypto_Crypto.bundle/Info.plist

ProcessInfoPlistFile /Users/danjames/Library/Developer/Xcode/DerivedData/1V1Mobile-axdgjfsmmtqimxaoehmaufzgpdtu/Build/Products/Debug-iphonesimulator/GoogleSignIn_GoogleSignIn.bundle/Info.plist /Users/danjames/Library/Developer/Xcode/DerivedData/1V1Mobile-axdgjfsmmtqimxaoehmaufzgpdtu/Build/Intermediates.noindex/GoogleSignIn.build/Debug-iphonesimulator/GoogleSignIn_GoogleSignIn.build/empty-GoogleSignIn_GoogleSignIn.plist (in target 'GoogleSignIn_GoogleSignIn' from project 'GoogleSignIn')
    cd /Users/danjames/Library/Developer/Xcode/DerivedData/1V1Mobile-axdgjfsmmtqimxaoehmaufzgpdtu/SourcePackages/checkouts/GoogleSignIn-iOS
    builtin-infoPlistUtility /Users/danjames/Library/Developer/Xcode/DerivedData/1V1Mobile-axdgjfsmmtqimxaoehmaufzgpdtu/Build/Intermediates.noindex/GoogleSignIn.build/Debug-iphonesimulator/GoogleSignIn_GoogleSignIn.build/empty-GoogleSignIn_GoogleSignIn.plist -producttype com.apple.product-type.bundle -expandbuildsettings -format binary -platform iphonesimulator -o /Users/danjames/Library/Developer/Xcode/DerivedData/1V1Mobile-axdgjfsmmtqimxaoehmaufzgpdtu/Build/Products/Debug-iphonesimulator/GoogleSignIn_GoogleSignIn.bundle/Info.plist

ProcessInfoPlistFile /Users/danjames/Library/Developer/Xcode/DerivedData/1V1Mobile-axdgjfsmmtqimxaoehmaufzgpdtu/Build/Products/Debug-iphonesimulator/GTMSessionFetcher_GTMSessionFetcherCore.bundle/Info.plist /Users/danjames/Library/Developer/Xcode/DerivedData/1V1Mobile-axdgjfsmmtqimxaoehmaufzgpdtu/Build/Intermediates.noindex/GTMSessionFetcher.build/Debug-iphonesimulator/GTMSessionFetcher_GTMSessionFetcherCore.build/empty-GTMSessionFetcher_GTMSessionFetcherCore.plist (in target 'GTMSessionFetcher_GTMSessionFetcherCore' from project 'GTMSessionFetcher')
    cd /Users/danjames/Library/Developer/Xcode/DerivedData/1V1Mobile-axdgjfsmmtqimxaoehmaufzgpdtu/SourcePackages/checkouts/gtm-session-fetcher
    builtin-infoPlistUtility /Users/danjames/Library/Developer/Xcode/DerivedData/1V1Mobile-axdgjfsmmtqimxaoehmaufzgpdtu/Build/Intermediates.noindex/GTMSessionFetcher.build/Debug-iphonesimulator/GTMSessionFetcher_GTMSessionFetcherCore.build/empty-GTMSessionFetcher_GTMSessionFetcherCore.plist -producttype com.apple.product-type.bundle -expandbuildsettings -format binary -platform iphonesimulator -o /Users/danjames/Library/Developer/Xcode/DerivedData/1V1Mobile-axdgjfsmmtqimxaoehmaufzgpdtu/Build/Products/Debug-iphonesimulator/GTMSessionFetcher_GTMSessionFetcherCore.bundle/Info.plist

ProcessInfoPlistFile /Users/danjames/Library/Developer/Xcode/DerivedData/1V1Mobile-axdgjfsmmtqimxaoehmaufzgpdtu/Build/Products/Debug-iphonesimulator/GTMAppAuth_GTMAppAuth.bundle/Info.plist /Users/danjames/Library/Developer/Xcode/DerivedData/1V1Mobile-axdgjfsmmtqimxaoehmaufzgpdtu/Build/Intermediates.noindex/GTMAppAuth.build/Debug-iphonesimulator/GTMAppAuth_GTMAppAuth.build/empty-GTMAppAuth_GTMAppAuth.plist (in target 'GTMAppAuth_GTMAppAuth' from project 'GTMAppAuth')
    cd /Users/danjames/Library/Developer/Xcode/DerivedData/1V1Mobile-axdgjfsmmtqimxaoehmaufzgpdtu/SourcePackages/checkouts/GTMAppAuth
    builtin-infoPlistUtility /Users/danjames/Library/Developer/Xcode/DerivedData/1V1Mobile-axdgjfsmmtqimxaoehmaufzgpdtu/Build/Intermediates.noindex/GTMAppAuth.build/Debug-iphonesimulator/GTMAppAuth_GTMAppAuth.build/empty-GTMAppAuth_GTMAppAuth.plist -producttype com.apple.product-type.bundle -expandbuildsettings -format binary -platform iphonesimulator -o /Users/danjames/Library/Developer/Xcode/DerivedData/1V1Mobile-axdgjfsmmtqimxaoehmaufzgpdtu/Build/Products/Debug-iphonesimulator/GTMAppAuth_GTMAppAuth.bundle/Info.plist

ProcessInfoPlistFile /Users/danjames/Library/Developer/Xcode/DerivedData/1V1Mobile-axdgjfsmmtqimxaoehmaufzgpdtu/Build/Products/Debug-iphonesimulator/AppAuth_AppAuthCore.bundle/Info.plist /Users/danjames/Library/Developer/Xcode/DerivedData/1V1Mobile-axdgjfsmmtqimxaoehmaufzgpdtu/Build/Intermediates.noindex/AppAuth.build/Debug-iphonesimulator/AppAuth_AppAuthCore.build/empty-AppAuth_AppAuthCore.plist (in target 'AppAuth_AppAuthCore' from project 'AppAuth')
    cd /Users/danjames/Library/Developer/Xcode/DerivedData/1V1Mobile-axdgjfsmmtqimxaoehmaufzgpdtu/SourcePackages/checkouts/AppAuth-iOS
    builtin-infoPlistUtility /Users/danjames/Library/Developer/Xcode/DerivedData/1V1Mobile-axdgjfsmmtqimxaoehmaufzgpdtu/Build/Intermediates.noindex/AppAuth.build/Debug-iphonesimulator/AppAuth_AppAuthCore.build/empty-AppAuth_AppAuthCore.plist -producttype com.apple.product-type.bundle -expandbuildsettings -format binary -platform iphonesimulator -o /Users/danjames/Library/Developer/Xcode/DerivedData/1V1Mobile-axdgjfsmmtqimxaoehmaufzgpdtu/Build/Products/Debug-iphonesimulator/AppAuth_AppAuthCore.bundle/Info.plist

ProcessInfoPlistFile /Users/danjames/Library/Developer/Xcode/DerivedData/1V1Mobile-axdgjfsmmtqimxaoehmaufzgpdtu/Build/Products/Debug-iphonesimulator/AppAuth_AppAuth.bundle/Info.plist /Users/danjames/Library/Developer/Xcode/DerivedData/1V1Mobile-axdgjfsmmtqimxaoehmaufzgpdtu/Build/Intermediates.noindex/AppAuth.build/Debug-iphonesimulator/AppAuth_AppAuth.build/empty-AppAuth_AppAuth.plist (in target 'AppAuth_AppAuth' from project 'AppAuth')
    cd /Users/danjames/Library/Developer/Xcode/DerivedData/1V1Mobile-axdgjfsmmtqimxaoehmaufzgpdtu/SourcePackages/checkouts/AppAuth-iOS
    builtin-infoPlistUtility /Users/danjames/Library/Developer/Xcode/DerivedData/1V1Mobile-axdgjfsmmtqimxaoehmaufzgpdtu/Build/Intermediates.noindex/AppAuth.build/Debug-iphonesimulator/AppAuth_AppAuth.build/empty-AppAuth_AppAuth.plist -producttype com.apple.product-type.bundle -expandbuildsettings -format binary -platform iphonesimulator -o /Users/danjames/Library/Developer/Xcode/DerivedData/1V1Mobile-axdgjfsmmtqimxaoehmaufzgpdtu/Build/Products/Debug-iphonesimulator/AppAuth_AppAuth.bundle/Info.plist

WriteAuxiliaryFile /Users/danjames/Library/Developer/Xcode/DerivedData/1V1Mobile-axdgjfsmmtqimxaoehmaufzgpdtu/Build/Intermediates.noindex/1V1Mobile.build/Debug-iphonesimulator/1v1.build/Objects-normal/arm64/1v1.SwiftFileList (in target '1v1' from project '1V1Mobile')
    cd /Users/danjames/Documents/GitHub/1V1-Mobile
    write-file /Users/danjames/Library/Developer/Xcode/DerivedData/1V1Mobile-axdgjfsmmtqimxaoehmaufzgpdtu/Build/Intermediates.noindex/1V1Mobile.build/Debug-iphonesimulator/1v1.build/Objects-normal/arm64/1v1.SwiftFileList

WriteAuxiliaryFile /Users/danjames/Library/Developer/Xcode/DerivedData/1V1Mobile-axdgjfsmmtqimxaoehmaufzgpdtu/Build/Intermediates.noindex/1V1Mobile.build/Debug-iphonesimulator/1v1.build/Objects-normal/arm64/1v1.SwiftConstValuesFileList (in target '1v1' from project '1V1Mobile')
    cd /Users/danjames/Documents/GitHub/1V1-Mobile
    write-file /Users/danjames/Library/Developer/Xcode/DerivedData/1V1Mobile-axdgjfsmmtqimxaoehmaufzgpdtu/Build/Intermediates.noindex/1V1Mobile.build/Debug-iphonesimulator/1v1.build/Objects-normal/arm64/1v1.SwiftConstValuesFileList

WriteAuxiliaryFile /Users/danjames/Library/Developer/Xcode/DerivedData/1V1Mobile-axdgjfsmmtqimxaoehmaufzgpdtu/Build/Intermediates.noindex/1V1Mobile.build/Debug-iphonesimulator/1v1.build/Objects-normal/arm64/1v1.LinkFileList (in target '1v1' from project '1V1Mobile')
    cd /Users/danjames/Documents/GitHub/1V1-Mobile
    write-file /Users/danjames/Library/Developer/Xcode/DerivedData/1V1Mobile-axdgjfsmmtqimxaoehmaufzgpdtu/Build/Intermediates.noindex/1V1Mobile.build/Debug-iphonesimulator/1v1.build/Objects-normal/arm64/1v1.LinkFileList

PrecompileModule /Users/danjames/Library/Developer/Xcode/DerivedData/1V1Mobile-axdgjfsmmtqimxaoehmaufzgpdtu/Build/Intermediates.noindex/ExplicitPrecompiledModules/UIKit-70TMXNGIK72DRRNPUUB4M4CX2.scan
    cd /Users/danjames/Documents/GitHub/1V1-Mobile/1V1Mobile.xcodeproj
    builtin-precompileModule /Users/danjames/Library/Developer/Xcode/DerivedData/1V1Mobile-axdgjfsmmtqimxaoehmaufzgpdtu/Build/Intermediates.noindex/ExplicitPrecompiledModules/UIKit-70TMXNGIK72DRRNPUUB4M4CX2.scan

CompileC /Users/danjames/Library/Developer/Xcode/DerivedData/1V1Mobile-axdgjfsmmtqimxaoehmaufzgpdtu/Build/Intermediates.noindex/GoogleSignIn.build/Debug-iphonesimulator/GoogleSignIn.build/Objects-normal/arm64/GIDAuthentication.o /Users/danjames/Library/Developer/Xcode/DerivedData/1V1Mobile-axdgjfsmmtqimxaoehmaufzgpdtu/SourcePackages/checkouts/GoogleSignIn-iOS/GoogleSignIn/Sources/GIDAuthentication.m normal arm64 objective-c com.apple.compilers.llvm.clang.1_0.compiler (in target 'GoogleSignIn' from project 'GoogleSignIn')
    cd /Users/danjames/Documents/GitHub/1V1-Mobile/1V1Mobile.xcodeproj
    
    Using response file: /Users/danjames/Library/Developer/Xcode/DerivedData/1V1Mobile-axdgjfsmmtqimxaoehmaufzgpdtu/Build/Intermediates.noindex/GoogleSignIn.build/Debug-iphonesimulator/GoogleSignIn.build/Objects-normal/arm64/e6072d4f65d7061329687fe24e3d63a7-common-args.resp
    
    /Applications/Xcode.app/Contents/Developer/Toolchains/XcodeDefault.xctoolchain/usr/bin/clang -x objective-c -ivfsstatcache /Users/danjames/Library/Developer/Xcode/DerivedData/SDKStatCaches.noindex/iphonesimulator18.5-22F76-d5fc8ad4295d2ef488fb7d0f804ce0c4.sdkstatcache -fmessage-length\=0 -fdiagnostics-show-note-include-stack -fmacro-backtrace-limit\=0 -fno-color-diagnostics -fmodules-prune-interval\=86400 -fmodules-prune-after\=345600 -fbuild-session-file\=/Users/danjames/Library/Developer/Xcode/DerivedData/ModuleCache.noindex/Session.modulevalidation -fmodules-validate-once-per-build-session -Wnon-modular-include-in-framework-module -Werror\=non-modular-include-in-framework-module -Wno-trigraphs -Wno-missing-field-initializers -Wno-missing-prototypes -Wno-return-type -Wno-implicit-atomic-properties -Wno-objc-interface-ivars -Wno-arc-repeated-use-of-weak -Wno-missing-braces -Wparentheses -Wswitch -Wno-unused-function -Wno-unused-label -Wno-unused-parameter -Wno-unused-variable -Wunused-value -Wno-empty-body -Wno-uninitialized -Wno-unknown-pragmas -w -Wno-shadow -Wno-four-char-constants -Wno-conversion -Wno-constant-conversion -Wno-int-conversion -Wno-bool-conversion -Wno-enum-conversion -Wno-float-conversion -Wno-non-literal-null-conversion -Wno-objc-literal-conversion -Wshorten-64-to-32 -Wpointer-sign -Wno-newline-eof -Wno-selector -Wno-strict-selector-match -Wno-undeclared-selector -Wno-deprecated-implementations -Wno-implicit-fallthrough -fstrict-aliasing -Wprotocol -Wdeprecated-declarations -Wno-sign-conversion -Wno-infinite-recursion -Wno-comma -Wno-block-capture-autoreleasing -Wno-strict-prototypes -Wno-semicolon-before-method-body -index-store-path /Users/danjames/Library/Developer/Xcode/DerivedData/1V1Mobile-axdgjfsmmtqimxaoehmaufzgpdtu/Index.noindex/DataStore @/Users/danjames/Library/Developer/Xcode/DerivedData/1V1Mobile-axdgjfsmmtqimxaoehmaufzgpdtu/Build/Intermediates.noindex/GoogleSignIn.build/Debug-iphonesimulator/GoogleSignIn.build/Objects-normal/arm64/e6072d4f65d7061329687fe24e3d63a7-common-args.resp -include /Users/danjames/Library/Developer/Xcode/DerivedData/1V1Mobile-axdgjfsmmtqimxaoehmaufzgpdtu/Build/Intermediates.noindex/GoogleSignIn.build/Debug-iphonesimulator/GoogleSignIn.build/DerivedSources/resource_bundle_accessor.h -MMD -MT dependencies -MF /Users/danjames/Library/Developer/Xcode/DerivedData/1V1Mobile-axdgjfsmmtqimxaoehmaufzgpdtu/Build/Intermediates.noindex/GoogleSignIn.build/Debug-iphonesimulator/GoogleSignIn.build/Objects-normal/arm64/GIDAuthentication.d --serialize-diagnostics /Users/danjames/Library/Developer/Xcode/DerivedData/1V1Mobile-axdgjfsmmtqimxaoehmaufzgpdtu/Build/Intermediates.noindex/GoogleSignIn.build/Debug-iphonesimulator/GoogleSignIn.build/Objects-normal/arm64/GIDAuthentication.dia -c /Users/danjames/Library/Developer/Xcode/DerivedData/1V1Mobile-axdgjfsmmtqimxaoehmaufzgpdtu/SourcePackages/checkouts/GoogleSignIn-iOS/GoogleSignIn/Sources/GIDAuthentication.m -o /Users/danjames/Library/Developer/Xcode/DerivedData/1V1Mobile-axdgjfsmmtqimxaoehmaufzgpdtu/Build/Intermediates.noindex/GoogleSignIn.build/Debug-iphonesimulator/GoogleSignIn.build/Objects-normal/arm64/GIDAuthentication.o -index-unit-output-path /GoogleSignIn.build/Debug-iphonesimulator/GoogleSignIn.build/Objects-normal/arm64/GIDAuthentication.o

PrecompileModule /Users/danjames/Library/Developer/Xcode/DerivedData/1V1Mobile-axdgjfsmmtqimxaoehmaufzgpdtu/Build/Intermediates.noindex/ExplicitPrecompiledModules/GTMAppAuth-DS90C6ELY7ZJ8AEQOTGKNYDR6.scan
    cd /Users/danjames/Documents/GitHub/1V1-Mobile/1V1Mobile.xcodeproj
    builtin-precompileModule /Users/danjames/Library/Developer/Xcode/DerivedData/1V1Mobile-axdgjfsmmtqimxaoehmaufzgpdtu/Build/Intermediates.noindex/ExplicitPrecompiledModules/GTMAppAuth-DS90C6ELY7ZJ8AEQOTGKNYDR6.scan

SwiftDriver 1v1 normal arm64 com.apple.xcode.tools.swift.compiler (in target '1v1' from project '1V1Mobile')
    cd /Users/danjames/Documents/GitHub/1V1-Mobile
    builtin-SwiftDriver -- /Applications/Xcode.app/Contents/Developer/Toolchains/XcodeDefault.xctoolchain/usr/bin/swiftc -module-name _v1 -Onone -enforce-exclusivity\=checked @/Users/danjames/Library/Developer/Xcode/DerivedData/1V1Mobile-axdgjfsmmtqimxaoehmaufzgpdtu/Build/Intermediates.noindex/1V1Mobile.build/Debug-iphonesimulator/1v1.build/Objects-normal/arm64/1v1.SwiftFileList -DDEBUG -Xcc -fmodule-map-file\=/Users/danjames/Library/Developer/Xcode/DerivedData/1V1Mobile-axdgjfsmmtqimxaoehmaufzgpdtu/Build/Intermediates.noindex/GeneratedModuleMaps-iphonesimulator/AppAuth.modulemap -Xcc -fmodule-map-file\=/Users/danjames/Library/Developer/Xcode/DerivedData/1V1Mobile-axdgjfsmmtqimxaoehmaufzgpdtu/Build/Intermediates.noindex/GeneratedModuleMaps-iphonesimulator/AppAuthCore.modulemap -Xcc -fmodule-map-file\=/Users/danjames/Library/Developer/Xcode/DerivedData/1V1Mobile-axdgjfsmmtqimxaoehmaufzgpdtu/Build/Intermediates.noindex/GeneratedModuleMaps-iphonesimulator/GTMSessionFetcherCore.modulemap -Xcc -fmodule-map-file\=/Users/danjames/Library/Developer/Xcode/DerivedData/1V1Mobile-axdgjfsmmtqimxaoehmaufzgpdtu/Build/Intermediates.noindex/GeneratedModuleMaps-iphonesimulator/GoogleSignIn.modulemap -enable-bare-slash-regex -enable-experimental-feature DebugDescriptionMacro -sdk /Applications/Xcode.app/Contents/Developer/Platforms/iPhoneSimulator.platform/Developer/SDKs/iPhoneSimulator18.5.sdk -target arm64-apple-ios15.0-simulator -g -module-cache-path /Users/danjames/Library/Developer/Xcode/DerivedData/ModuleCache.noindex -Xfrontend -serialize-debugging-options -profile-coverage-mapping -profile-generate -enable-testing -index-store-path /Users/danjames/Library/Developer/Xcode/DerivedData/1V1Mobile-axdgjfsmmtqimxaoehmaufzgpdtu/Index.noindex/DataStore -swift-version 5 -I /Users/danjames/Library/Developer/Xcode/DerivedData/1V1Mobile-axdgjfsmmtqimxaoehmaufzgpdtu/Build/Products/Debug-iphonesimulator -F /Users/danjames/Library/Developer/Xcode/DerivedData/1V1Mobile-axdgjfsmmtqimxaoehmaufzgpdtu/Build/Products/Debug-iphonesimulator/PackageFrameworks -F /Users/danjames/Library/Developer/Xcode/DerivedData/1V1Mobile-axdgjfsmmtqimxaoehmaufzgpdtu/Build/Products/Debug-iphonesimulator/PackageFrameworks -F /Users/danjames/Library/Developer/Xcode/DerivedData/1V1Mobile-axdgjfsmmtqimxaoehmaufzgpdtu/Build/Products/Debug-iphonesimulator/PackageFrameworks -F /Users/danjames/Library/Developer/Xcode/DerivedData/1V1Mobile-axdgjfsmmtqimxaoehmaufzgpdtu/Build/Products/Debug-iphonesimulator/PackageFrameworks -F /Users/danjames/Library/Developer/Xcode/DerivedData/1V1Mobile-axdgjfsmmtqimxaoehmaufzgpdtu/Build/Products/Debug-iphonesimulator/PackageFrameworks -F /Users/danjames/Library/Developer/Xcode/DerivedData/1V1Mobile-axdgjfsmmtqimxaoehmaufzgpdtu/Build/Products/Debug-iphonesimulator/PackageFrameworks -F /Users/danjames/Library/Developer/Xcode/DerivedData/1V1Mobile-axdgjfsmmtqimxaoehmaufzgpdtu/Build/Products/Debug-iphonesimulator/PackageFrameworks -F /Users/danjames/Library/Developer/Xcode/DerivedData/1V1Mobile-axdgjfsmmtqimxaoehmaufzgpdtu/Build/Products/Debug-iphonesimulator/PackageFrameworks -F /Users/danjames/Library/Developer/Xcode/DerivedData/1V1Mobile-axdgjfsmmtqimxaoehmaufzgpdtu/Build/Products/Debug-iphonesimulator/PackageFrameworks -F /Users/danjames/Library/Developer/Xcode/DerivedData/1V1Mobile-axdgjfsmmtqimxaoehmaufzgpdtu/Build/Products/Debug-iphonesimulator/PackageFrameworks -F /Users/danjames/Library/Developer/Xcode/DerivedData/1V1Mobile-axdgjfsmmtqimxaoehmaufzgpdtu/Build/Products/Debug-iphonesimulator/PackageFrameworks -F /Users/danjames/Library/Developer/Xcode/DerivedData/1V1Mobile-axdgjfsmmtqimxaoehmaufzgpdtu/Build/Products/Debug-iphonesimulator/PackageFrameworks -F /Users/danjames/Library/Developer/Xcode/DerivedData/1V1Mobile-axdgjfsmmtqimxaoehmaufzgpdtu/Build/Products/Debug-iphonesimulator/PackageFrameworks -F /Users/danjames/Library/Developer/Xcode/DerivedData/1V1Mobile-axdgjfsmmtqimxaoehmaufzgpdtu/Build/Products/Debug-iphonesimulator/PackageFrameworks -F /Users/danjames/Library/Developer/Xcode/DerivedData/1V1Mobile-axdgjfsmmtqimxaoehmaufzgpdtu/Build/Products/Debug-iphonesimulator/PackageFrameworks -F /Users/danjames/Library/Developer/Xcode/DerivedData/1V1Mobile-axdgjfsmmtqimxaoehmaufzgpdtu/Build/Products/Debug-iphonesimulator/PackageFrameworks -F /Users/danjames/Library/Developer/Xcode/DerivedData/1V1Mobile-axdgjfsmmtqimxaoehmaufzgpdtu/Build/Products/Debug-iphonesimulator/PackageFrameworks -F /Users/danjames/Library/Developer/Xcode/DerivedData/1V1Mobile-axdgjfsmmtqimxaoehmaufzgpdtu/Build/Products/Debug-iphonesimulator/PackageFrameworks -F /Users/danjames/Library/Developer/Xcode/DerivedData/1V1Mobile-axdgjfsmmtqimxaoehmaufzgpdtu/Build/Products/Debug-iphonesimulator/PackageFrameworks -F /Users/danjames/Library/Developer/Xcode/DerivedData/1V1Mobile-axdgjfsmmtqimxaoehmaufzgpdtu/Build/Products/Debug-iphonesimulator -emit-localized-strings -emit-localized-strings-path /Users/danjames/Library/Developer/Xcode/DerivedData/1V1Mobile-axdgjfsmmtqimxaoehmaufzgpdtu/Build/Intermediates.noindex/1V1Mobile.build/Debug-iphonesimulator/1v1.build/Objects-normal/arm64 -c -j8 -enable-batch-mode -incremental -Xcc -ivfsstatcache -Xcc /Users/danjames/Library/Developer/Xcode/DerivedData/SDKStatCaches.noindex/iphonesimulator18.5-22F76-d5fc8ad4295d2ef488fb7d0f804ce0c4.sdkstatcache -output-file-map /Users/danjames/Library/Developer/Xcode/DerivedData/1V1Mobile-axdgjfsmmtqimxaoehmaufzgpdtu/Build/Intermediates.noindex/1V1Mobile.build/Debug-iphonesimulator/1v1.build/Objects-normal/arm64/1v1-OutputFileMap.json -use-frontend-parseable-output -save-temps -no-color-diagnostics -serialize-diagnostics -emit-dependencies -emit-module -emit-module-path /Users/danjames/Library/Developer/Xcode/DerivedData/1V1Mobile-axdgjfsmmtqimxaoehmaufzgpdtu/Build/Intermediates.noindex/1V1Mobile.build/Debug-iphonesimulator/1v1.build/Objects-normal/arm64/_v1.swiftmodule -validate-clang-modules-once -clang-build-session-file /Users/danjames/Library/Developer/Xcode/DerivedData/ModuleCache.noindex/Session.modulevalidation -Xcc -I/Users/danjames/Library/Developer/Xcode/DerivedData/1V1Mobile-axdgjfsmmtqimxaoehmaufzgpdtu/Build/Intermediates.noindex/1V1Mobile.build/Debug-iphonesimulator/1v1.build/swift-overrides.hmap -emit-const-values -Xfrontend -const-gather-protocols-file -Xfrontend /Users/danjames/Library/Developer/Xcode/DerivedData/1V1Mobile-axdgjfsmmtqimxaoehmaufzgpdtu/Build/Intermediates.noindex/1V1Mobile.build/Debug-iphonesimulator/1v1.build/Objects-normal/arm64/1v1_const_extract_protocols.json -Xcc -iquote -Xcc /Users/danjames/Library/Developer/Xcode/DerivedData/1V1Mobile-axdgjfsmmtqimxaoehmaufzgpdtu/Build/Intermediates.noindex/1V1Mobile.build/Debug-iphonesimulator/1v1.build/1v1-generated-files.hmap -Xcc -I/Users/danjames/Library/Developer/Xcode/DerivedData/1V1Mobile-axdgjfsmmtqimxaoehmaufzgpdtu/Build/Intermediates.noindex/1V1Mobile.build/Debug-iphonesimulator/1v1.build/1v1-own-target-headers.hmap -Xcc -I/Users/danjames/Library/Developer/Xcode/DerivedData/1V1Mobile-axdgjfsmmtqimxaoehmaufzgpdtu/Build/Intermediates.noindex/1V1Mobile.build/Debug-iphonesimulator/1v1.build/1v1-all-non-framework-target-headers.hmap -Xcc -ivfsoverlay -Xcc /Users/danjames/Library/Developer/Xcode/DerivedData/1V1Mobile-axdgjfsmmtqimxaoehmaufzgpdtu/Build/Intermediates.noindex/1V1Mobile.build/Debug-iphonesimulator/1V1Mobile-98ce40ddbce4ecf4c9dc199b800c679d-VFS-iphonesimulator/all-product-headers.yaml -Xcc -iquote -Xcc /Users/danjames/Library/Developer/Xcode/DerivedData/1V1Mobile-axdgjfsmmtqimxaoehmaufzgpdtu/Build/Intermediates.noindex/1V1Mobile.build/Debug-iphonesimulator/1v1.build/1v1-project-headers.hmap -Xcc -I/Users/danjames/Library/Developer/Xcode/DerivedData/1V1Mobile-axdgjfsmmtqimxaoehmaufzgpdtu/SourcePackages/checkouts/AppAuth-iOS/Sources/AppAuth -Xcc -I/Users/danjames/Library/Developer/Xcode/DerivedData/1V1Mobile-axdgjfsmmtqimxaoehmaufzgpdtu/SourcePackages/checkouts/AppAuth-iOS/Sources/AppAuthCore -Xcc -I/Users/danjames/Library/Developer/Xcode/DerivedData/1V1Mobile-axdgjfsmmtqimxaoehmaufzgpdtu/SourcePackages/checkouts/gtm-session-fetcher/Sources/Core/Public -Xcc -I/Users/danjames/Library/Developer/Xcode/DerivedData/1V1Mobile-axdgjfsmmtqimxaoehmaufzgpdtu/SourcePackages/checkouts/GoogleSignIn-iOS/GoogleSignIn/Sources/Public -Xcc -I/Users/danjames/Library/Developer/Xcode/DerivedData/1V1Mobile-axdgjfsmmtqimxaoehmaufzgpdtu/Build/Products/Debug-iphonesimulator/include -Xcc -I/Users/danjames/Library/Developer/Xcode/DerivedData/1V1Mobile-axdgjfsmmtqimxaoehmaufzgpdtu/Build/Intermediates.noindex/1V1Mobile.build/Debug-iphonesimulator/1v1.build/DerivedSources-normal/arm64 -Xcc -I/Users/danjames/Library/Developer/Xcode/DerivedData/1V1Mobile-axdgjfsmmtqimxaoehmaufzgpdtu/Build/Intermediates.noindex/1V1Mobile.build/Debug-iphonesimulator/1v1.build/DerivedSources/arm64 -Xcc -I/Users/danjames/Library/Developer/Xcode/DerivedData/1V1Mobile-axdgjfsmmtqimxaoehmaufzgpdtu/Build/Intermediates.noindex/1V1Mobile.build/Debug-iphonesimulator/1v1.build/DerivedSources -Xcc -DDEBUG\=1 -emit-objc-header -emit-objc-header-path /Users/danjames/Library/Developer/Xcode/DerivedData/1V1Mobile-axdgjfsmmtqimxaoehmaufzgpdtu/Build/Intermediates.noindex/1V1Mobile.build/Debug-iphonesimulator/1v1.build/Objects-normal/arm64/_v1-Swift.h -working-directory /Users/danjames/Documents/GitHub/1V1-Mobile -experimental-emit-module-separately -disable-cmo

RegisterExecutionPolicyException /Users/danjames/Library/Developer/Xcode/DerivedData/1V1Mobile-axdgjfsmmtqimxaoehmaufzgpdtu/Build/Products/Debug-iphonesimulator/AppAuthCore.o (in target 'AppAuthCore' from project 'AppAuth')
    cd /Users/danjames/Library/Developer/Xcode/DerivedData/1V1Mobile-axdgjfsmmtqimxaoehmaufzgpdtu/SourcePackages/checkouts/AppAuth-iOS
    builtin-RegisterExecutionPolicyException /Users/danjames/Library/Developer/Xcode/DerivedData/1V1Mobile-axdgjfsmmtqimxaoehmaufzgpdtu/Build/Products/Debug-iphonesimulator/AppAuthCore.o

SwiftEmitModule normal arm64 Emitting\ module\ for\ _v1 (in target '1v1' from project '1V1Mobile')
EmitSwiftModule normal arm64 (in target '1v1' from project '1V1Mobile')
    cd /Users/danjames/Documents/GitHub/1V1-Mobile
    
/Users/danjames/Documents/GitHub/1V1-Mobile/1v1/Views/ContentView.swift:75:7: warning: @preconcurrency attribute on conformance to 'UNUserNotificationCenterDelegate' has no effect
class NotificationDelegate: NSObject, @preconcurrency UNUserNotificationCenterDelegate {
      ^                               ~~~~~~~~~~~~~~~~
                                      

SwiftCompile normal arm64 Compiling\ AuthView.swift,\ 1V1MobileApp.swift,\ OnlineSharingService.swift,\ OnboardingAuthView.swift,\ Color+Extensions.swift,\ ScreenshotCaptureView.swift /Users/danjames/Documents/GitHub/1V1-Mobile/1v1/Screens/Auth/AuthView.swift /Users/danjames/Documents/GitHub/1V1-Mobile/1v1/App/1V1MobileApp.swift /Users/danjames/Documents/GitHub/1V1-Mobile/1v1/Services/OnlineSharingService.swift /Users/danjames/Documents/GitHub/1V1-Mobile/1v1/Screens/Onboarding/OnboardingAuthView.swift /Users/danjames/Documents/GitHub/1V1-Mobile/1v1/Extensions/Color+Extensions.swift /Users/danjames/Documents/GitHub/1V1-Mobile/1v1/Views/Duel/ScreenshotCaptureView.swift (in target '1v1' from project '1V1Mobile')
SwiftCompile normal arm64 /Users/danjames/Documents/GitHub/1V1-Mobile/1v1/Screens/Auth/AuthView.swift (in target '1v1' from project '1V1Mobile')
    cd /Users/danjames/Documents/GitHub/1V1-Mobile
    

SwiftCompile normal arm64 /Users/danjames/Documents/GitHub/1V1-Mobile/1v1/App/1V1MobileApp.swift (in target '1v1' from project '1V1Mobile')
    cd /Users/danjames/Documents/GitHub/1V1-Mobile
    

SwiftCompile normal arm64 /Users/danjames/Documents/GitHub/1V1-Mobile/1v1/Services/OnlineSharingService.swift (in target '1v1' from project '1V1Mobile')
    cd /Users/danjames/Documents/GitHub/1V1-Mobile
    

SwiftCompile normal arm64 /Users/danjames/Documents/GitHub/1V1-Mobile/1v1/Screens/Onboarding/OnboardingAuthView.swift (in target '1v1' from project '1V1Mobile')
    cd /Users/danjames/Documents/GitHub/1V1-Mobile
    

SwiftCompile normal arm64 /Users/danjames/Documents/GitHub/1V1-Mobile/1v1/Extensions/Color+Extensions.swift (in target '1v1' from project '1V1Mobile')
    cd /Users/danjames/Documents/GitHub/1V1-Mobile
    

SwiftCompile normal arm64 /Users/danjames/Documents/GitHub/1V1-Mobile/1v1/Views/Duel/ScreenshotCaptureView.swift (in target '1v1' from project '1V1Mobile')
    cd /Users/danjames/Documents/GitHub/1V1-Mobile
    

SwiftCompile normal arm64 Compiling\ GameConfiguration.swift,\ MainTabView.swift,\ AuthService.swift,\ SharedProfileView.swift,\ NavigationManager.swift,\ UserProfileService.swift /Users/danjames/Documents/GitHub/1V1-Mobile/1v1/Models/GameConfiguration.swift /Users/danjames/Documents/GitHub/1V1-Mobile/1v1/Views/MainTabView.swift /Users/danjames/Documents/GitHub/1V1-Mobile/1v1/Services/AuthService.swift /Users/danjames/Documents/GitHub/1V1-Mobile/1v1/Views/SharedProfileView.swift /Users/danjames/Documents/GitHub/1V1-Mobile/1v1/Services/NavigationManager.swift /Users/danjames/Documents/GitHub/1V1-Mobile/1v1/Services/UserProfileService.swift (in target '1v1' from project '1V1Mobile')
Failed frontend command:
/Applications/Xcode.app/Contents/Developer/Toolchains/XcodeDefault.xctoolchain/usr/bin/swift-frontend -frontend -c /Users/danjames/Documents/GitHub/1V1-Mobile/1v1/Views/PlayerCard3DView.swift /Users/danjames/Documents/GitHub/1V1-Mobile/1v1/Services/DuelService.swift /Users/danjames/Documents/GitHub/1V1-Mobile/1v1/Services/NotificationService.swift /Users/danjames/Documents/GitHub/1V1-Mobile/1v1/Utils/Constants.swift /Users/danjames/Documents/GitHub/1V1-Mobile/1v1/Screens/Home/HomeView.swift /Users/danjames/Documents/GitHub/1V1-Mobile/1v1/Services/StorageService.swift /Users/danjames/Documents/GitHub/1V1-Mobile/1v1/Views/Duel/DuelListView.swift /Users/danjames/Documents/GitHub/1V1-Mobile/1v1/Screens/Onboarding/OnboardingCoordinator.swift /Users/danjames/Documents/GitHub/1V1-Mobile/1v1/Models/Achievement.swift /Users/danjames/Documents/GitHub/1V1-Mobile/1v1/Models/NotificationModels.swift /Users/danjames/Documents/GitHub/1V1-Mobile/1v1/Views/OnlineSharingView.swift /Users/danjames/Documents/GitHub/1V1-Mobile/1v1/Services/DatabaseValidationService.swift /Users/danjames/Documents/GitHub/1V1-Mobile/1v1/Services/NFCService.swift /Users/danjames/Documents/GitHub/1V1-Mobile/1v1/Services/QRCodeService.swift /Users/danjames/Documents/GitHub/1V1-Mobile/1v1/Views/Duel/DuelChallengeCardView.swift /Users/danjames/Documents/GitHub/1V1-Mobile/1v1/Screens/Onboarding/OnboardingCardGenView.swift /Users/danjames/Documents/GitHub/1V1-Mobile/1v1/Views/Duel/VictoryRecapView.swift /Users/danjames/Documents/GitHub/1V1-Mobile/1v1/Screens/Onboarding/OnboardingView.swift -primary-file /Users/danjames/Documents/GitHub/1V1-Mobile/1v1/Models/GameConfiguration.swift -primary-file /Users/danjames/Documents/GitHub/1V1-Mobile/1v1/Views/MainTabView.swift -primary-file /Users/danjames/Documents/GitHub/1V1-Mobile/1v1/Services/AuthService.swift -primary-file /Users/danjames/Documents/GitHub/1V1-Mobile/1v1/Views/SharedProfileView.swift -primary-file /Users/danjames/Documents/GitHub/1V1-Mobile/1v1/Services/NavigationManager.swift -primary-file /Users/danjames/Documents/GitHub/1V1-Mobile/1v1/Services/UserProfileService.swift /Users/danjames/Documents/GitHub/1V1-Mobile/1v1/Screens/Auth/AuthView.swift /Users/danjames/Documents/GitHub/1V1-Mobile/1v1/App/1V1MobileApp.swift /Users/danjames/Documents/GitHub/1V1-Mobile/1v1/Services/OnlineSharingService.swift /Users/danjames/Documents/GitHub/1V1-Mobile/1v1/Screens/Onboarding/OnboardingAuthView.swift /Users/danjames/Documents/GitHub/1V1-Mobile/1v1/Extensions/Color+Extensions.swift /Users/danjames/Documents/GitHub/1V1-Mobile/1v1/Views/Duel/ScreenshotCaptureView.swift /Users/danjames/Documents/GitHub/1V1-Mobile/1v1/Screens/Onboarding/OnboardingStatsView.swift /Users/danjames/Documents/GitHub/1V1-Mobile/1v1/Models/Game.swift /Users/danjames/Documents/GitHub/1V1-Mobile/1v1/Views/ContentView.swift /Users/danjames/Documents/GitHub/1V1-Mobile/1v1/Models/UserProfile.swift /Users/danjames/Documents/GitHub/1V1-Mobile/1v1/Views/QRCodeScannerView.swift /Users/danjames/Documents/GitHub/1V1-Mobile/1v1/Services/GameConfigurationService.swift /Users/danjames/Documents/GitHub/1V1-Mobile/1v1/Services/SupabaseService.swift /Users/danjames/Documents/GitHub/1V1-Mobile/1v1/Services/OCRVerificationService.swift /Users/danjames/Documents/GitHub/1V1-Mobile/1v1/Views/Duel/DuelProposalView.swift /Users/danjames/Documents/GitHub/1V1-Mobile/1v1/Screens/Onboarding/OnboardingFlowView.swift /Users/danjames/Documents/GitHub/1V1-Mobile/1v1/Models/Duel.swift /Users/danjames/Documents/GitHub/1V1-Mobile/1v1/Views/Shared/ImagePicker.swift /Users/danjames/Documents/GitHub/1V1-Mobile/1v1/Screens/Profile/ProfileView.swift /Users/danjames/Documents/GitHub/1V1-Mobile/1v1/Models/User.swift /Users/danjames/Library/Developer/Xcode/DerivedData/1V1Mobile-axdgjfsmmtqimxaoehmaufzgpdtu/Build/Intermediates.noindex/1V1Mobile.build/Debug-iphonesimulator/1v1.build/DerivedSources/GeneratedAssetSymbols.swift -supplementary-output-file-map /Users/danjames/Library/Developer/Xcode/DerivedData/1V1Mobile-axdgjfsmmtqimxaoehmaufzgpdtu/Build/Intermediates.noindex/1V1Mobile.build/Debug-iphonesimulator/1v1.build/Objects-normal/arm64/supplementaryOutputs-4 -emit-localized-strings -emit-localized-strings-path /Users/danjames/Library/Developer/Xcode/DerivedData/1V1Mobile-axdgjfsmmtqimxaoehmaufzgpdtu/Build/Intermediates.noindex/1V1Mobile.build/Debug-iphonesimulator/1v1.build/Objects-normal/arm64 -target arm64-apple-ios15.0-simulator -Xllvm -aarch64-use-tbi -enable-objc-interop -sdk /Applications/Xcode.app/Contents/Developer/Platforms/iPhoneSimulator.platform/Developer/SDKs/iPhoneSimulator18.5.sdk -I /Users/danjames/Library/Developer/Xcode/DerivedData/1V1Mobile-axdgjfsmmtqimxaoehmaufzgpdtu/Build/Products/Debug-iphonesimulator -F /Users/danjames/Library/Developer/Xcode/DerivedData/1V1Mobile-axdgjfsmmtqimxaoehmaufzgpdtu/Build/Products/Debug-iphonesimulator/PackageFrameworks -F /Users/danjames/Library/Developer/Xcode/DerivedData/1V1Mobile-axdgjfsmmtqimxaoehmaufzgpdtu/Build/Products/Debug-iphonesimulator/PackageFrameworks -F /Users/danjames/Library/Developer/Xcode/DerivedData/1V1Mobile-axdgjfsmmtqimxaoehmaufzgpdtu/Build/Products/Debug-iphonesimulator/PackageFrameworks -F /Users/danjames/Library/Developer/Xcode/DerivedData/1V1Mobile-axdgjfsmmtqimxaoehmaufzgpdtu/Build/Products/Debug-iphonesimulator/PackageFrameworks -F /Users/danjames/Library/Developer/Xcode/DerivedData/1V1Mobile-axdgjfsmmtqimxaoehmaufzgpdtu/Build/Products/Debug-iphonesimulator/PackageFrameworks -F /Users/danjames/Library/Developer/Xcode/DerivedData/1V1Mobile-axdgjfsmmtqimxaoehmaufzgpdtu/Build/Products/Debug-iphonesimulator/PackageFrameworks -F /Users/danjames/Library/Developer/Xcode/DerivedData/1V1Mobile-axdgjfsmmtqimxaoehmaufzgpdtu/Build/Products/Debug-iphonesimulator/PackageFrameworks -F /Users/danjames/Library/Developer/Xcode/DerivedData/1V1Mobile-axdgjfsmmtqimxaoehmaufzgpdtu/Build/Products/Debug-iphonesimulator/PackageFrameworks -F /Users/danjames/Library/Developer/Xcode/DerivedData/1V1Mobile-axdgjfsmmtqimxaoehmaufzgpdtu/Build/Products/Debug-iphonesimulator/PackageFrameworks -F /Users/danjames/Library/Developer/Xcode/DerivedData/1V1Mobile-axdgjfsmmtqimxaoehmaufzgpdtu/Build/Products/Debug-iphonesimulator/PackageFrameworks -F /Users/danjames/Library/Developer/Xcode/DerivedData/1V1Mobile-axdgjfsmmtqimxaoehmaufzgpdtu/Build/Products/Debug-iphonesimulator/PackageFrameworks -F /Users/danjames/Library/Developer/Xcode/DerivedData/1V1Mobile-axdgjfsmmtqimxaoehmaufzgpdtu/Build/Products/Debug-iphonesimulator/PackageFrameworks -F /Users/danjames/Library/Developer/Xcode/DerivedData/1V1Mobile-axdgjfsmmtqimxaoehmaufzgpdtu/Build/Products/Debug-iphonesimulator/PackageFrameworks -F /Users/danjames/Library/Developer/Xcode/DerivedData/1V1Mobile-axdgjfsmmtqimxaoehmaufzgpdtu/Build/Products/Debug-iphonesimulator/PackageFrameworks -F /Users/danjames/Library/Developer/Xcode/DerivedData/1V1Mobile-axdgjfsmmtqimxaoehmaufzgpdtu/Build/Products/Debug-iphonesimulator/PackageFrameworks -F /Users/danjames/Library/Developer/Xcode/DerivedData/1V1Mobile-axdgjfsmmtqimxaoehmaufzgpdtu/Build/Products/Debug-iphonesimulator/PackageFrameworks -F /Users/danjames/Library/Developer/Xcode/DerivedData/1V1Mobile-axdgjfsmmtqimxaoehmaufzgpdtu/Build/Products/Debug-iphonesimulator/PackageFrameworks -F /Users/danjames/Library/Developer/Xcode/DerivedData/1V1Mobile-axdgjfsmmtqimxaoehmaufzgpdtu/Build/Products/Debug-iphonesimulator/PackageFrameworks -F /Users/danjames/Library/Developer/Xcode/DerivedData/1V1Mobile-axdgjfsmmtqimxaoehmaufzgpdtu/Build/Products/Debug-iphonesimulator/PackageFrameworks -F /Users/danjames/Library/Developer/Xcode/DerivedData/1V1Mobile-axdgjfsmmtqimxaoehmaufzgpdtu/Build/Products/Debug-iphonesimulator -no-color-diagnostics -enable-testing -g -debug-info-format\=dwarf -dwarf-version\=4 -module-cache-path /Users/danjames/Library/Developer/Xcode/DerivedData/ModuleCache.noindex -profile-generate -profile-coverage-mapping -swift-version 5 -enforce-exclusivity\=checked -Onone -D DEBUG -serialize-debugging-options -const-gather-protocols-file /Users/danjames/Library/Developer/Xcode/DerivedData/1V1Mobile-axdgjfsmmtqimxaoehmaufzgpdtu/Build/Intermediates.noindex/1V1Mobile.build/Debug-iphonesimulator/1v1.build/Objects-normal/arm64/1v1_const_extract_protocols.json -enable-experimental-feature DebugDescriptionMacro -enable-bare-slash-regex -empty-abi-descriptor -validate-clang-modules-once -clang-build-session-file /Users/danjames/Library/Developer/Xcode/DerivedData/ModuleCache.noindex/Session.modulevalidation -Xcc -working-directory -Xcc /Users/danjames/Documents/GitHub/1V1-Mobile -resource-dir /Applications/Xcode.app/Contents/Developer/Toolchains/XcodeDefault.xctoolchain/usr/lib/swift -enable-anonymous-context-mangled-names -file-compilation-dir /Users/danjames/Documents/GitHub/1V1-Mobile -Xcc -fmodule-map-file\=/Users/danjames/Library/Developer/Xcode/DerivedData/1V1Mobile-axdgjfsmmtqimxaoehmaufzgpdtu/Build/Intermediates.noindex/GeneratedModuleMaps-iphonesimulator/AppAuth.modulemap -Xcc -fmodule-map-file\=/Users/danjames/Library/Developer/Xcode/DerivedData/1V1Mobile-axdgjfsmmtqimxaoehmaufzgpdtu/Build/Intermediates.noindex/GeneratedModuleMaps-iphonesimulator/AppAuthCore.modulemap -Xcc -fmodule-map-file\=/Users/danjames/Library/Developer/Xcode/DerivedData/1V1Mobile-axdgjfsmmtqimxaoehmaufzgpdtu/Build/Intermediates.noindex/GeneratedModuleMaps-iphonesimulator/GTMSessionFetcherCore.modulemap -Xcc -fmodule-map-file\=/Users/danjames/Library/Developer/Xcode/DerivedData/1V1Mobile-axdgjfsmmtqimxaoehmaufzgpdtu/Build/Intermediates.noindex/GeneratedModuleMaps-iphonesimulator/GoogleSignIn.modulemap -Xcc -ivfsstatcache -Xcc /Users/danjames/Library/Developer/Xcode/DerivedData/SDKStatCaches.noindex/iphonesimulator18.5-22F76-d5fc8ad4295d2ef488fb7d0f804ce0c4.sdkstatcache -Xcc -I/Users/danjames/Library/Developer/Xcode/DerivedData/1V1Mobile-axdgjfsmmtqimxaoehmaufzgpdtu/Build/Intermediates.noindex/1V1Mobile.build/Debug-iphonesimulator/1v1.build/swift-overrides.hmap -Xcc -iquote -Xcc /Users/danjames/Library/Developer/Xcode/DerivedData/1V1Mobile-axdgjfsmmtqimxaoehmaufzgpdtu/Build/Intermediates.noindex/1V1Mobile.build/Debug-iphonesimulator/1v1.build/1v1-generated-files.hmap -Xcc -I/Users/danjames/Library/Developer/Xcode/DerivedData/1V1Mobile-axdgjfsmmtqimxaoehmaufzgpdtu/Build/Intermediates.noindex/1V1Mobile.build/Debug-iphonesimulator/1v1.build/1v1-own-target-headers.hmap -Xcc -I/Users/danjames/Library/Developer/Xcode/DerivedData/1V1Mobile-axdgjfsmmtqimxaoehmaufzgpdtu/Build/Intermediates.noindex/1V1Mobile.build/Debug-iphonesimulator/1v1.build/1v1-all-non-framework-target-headers.hmap -Xcc -ivfsoverlay -Xcc /Users/danjames/Library/Developer/Xcode/DerivedData/1V1Mobile-axdgjfsmmtqimxaoehmaufzgpdtu/Build/Intermediates.noindex/1V1Mobile.build/Debug-iphonesimulator/1V1Mobile-98ce40ddbce4ecf4c9dc199b800c679d-VFS-iphonesimulator/all-product-headers.yaml -Xcc -iquote -Xcc /Users/danjames/Library/Developer/Xcode/DerivedData/1V1Mobile-axdgjfsmmtqimxaoehmaufzgpdtu/Build/Intermediates.noindex/1V1Mobile.build/Debug-iphonesimulator/1v1.build/1v1-project-headers.hmap -Xcc -I/Users/danjames/Library/Developer/Xcode/DerivedData/1V1Mobile-axdgjfsmmtqimxaoehmaufzgpdtu/SourcePackages/checkouts/AppAuth-iOS/Sources/AppAuth -Xcc -I/Users/danjames/Library/Developer/Xcode/DerivedData/1V1Mobile-axdgjfsmmtqimxaoehmaufzgpdtu/SourcePackages/checkouts/AppAuth-iOS/Sources/AppAuthCore -Xcc -I/Users/danjames/Library/Developer/Xcode/DerivedData/1V1Mobile-axdgjfsmmtqimxaoehmaufzgpdtu/SourcePackages/checkouts/gtm-session-fetcher/Sources/Core/Public -Xcc -I/Users/danjames/Library/Developer/Xcode/DerivedData/1V1Mobile-axdgjfsmmtqimxaoehmaufzgpdtu/SourcePackages/checkouts/GoogleSignIn-iOS/GoogleSignIn/Sources/Public -Xcc -I/Users/danjames/Library/Developer/Xcode/DerivedData/1V1Mobile-axdgjfsmmtqimxaoehmaufzgpdtu/Build/Products/Debug-iphonesimulator/include -Xcc -I/Users/danjames/Library/Developer/Xcode/DerivedData/1V1Mobile-axdgjfsmmtqimxaoehmaufzgpdtu/Build/Intermediates.noindex/1V1Mobile.build/Debug-iphonesimulator/1v1.build/DerivedSources-normal/arm64 -Xcc -I/Users/danjames/Library/Developer/Xcode/DerivedData/1V1Mobile-axdgjfsmmtqimxaoehmaufzgpdtu/Build/Intermediates.noindex/1V1Mobile.build/Debug-iphonesimulator/1v1.build/DerivedSources/arm64 -Xcc -I/Users/danjames/Library/Developer/Xcode/DerivedData/1V1Mobile-axdgjfsmmtqimxaoehmaufzgpdtu/Build/Intermediates.noindex/1V1Mobile.build/Debug-iphonesimulator/1v1.build/DerivedSources -Xcc -DDEBUG\=1 -module-name _v1 -frontend-parseable-output -disable-clang-spi -target-sdk-version 18.5 -target-sdk-name iphonesimulator18.5 -external-plugin-path /Applications/Xcode.app/Contents/Developer/Platforms/iPhoneOS.platform/Developer/usr/lib/swift/host/plugins\#/Applications/Xcode.app/Contents/Developer/Platforms/iPhoneOS.platform/Developer/usr/bin/swift-plugin-server -external-plugin-path /Applications/Xcode.app/Contents/Developer/Platforms/iPhoneOS.platform/Developer/usr/local/lib/swift/host/plugins\#/Applications/Xcode.app/Contents/Developer/Platforms/iPhoneOS.platform/Developer/usr/bin/swift-plugin-server -in-process-plugin-server-path /Applications/Xcode.app/Contents/Developer/Toolchains/XcodeDefault.xctoolchain/usr/lib/swift/host/libSwiftInProcPluginServer.dylib -plugin-path /Applications/Xcode.app/Contents/Developer/Toolchains/XcodeDefault.xctoolchain/usr/lib/swift/host/plugins -plugin-path /Applications/Xcode.app/Contents/Developer/Toolchains/XcodeDefault.xctoolchain/usr/local/lib/swift/host/plugins -o /Users/danjames/Library/Developer/Xcode/DerivedData/1V1Mobile-axdgjfsmmtqimxaoehmaufzgpdtu/Build/Intermediates.noindex/1V1Mobile.build/Debug-iphonesimulator/1v1.build/Objects-normal/arm64/GameConfiguration.o -o /Users/danjames/Library/Developer/Xcode/DerivedData/1V1Mobile-axdgjfsmmtqimxaoehmaufzgpdtu/Build/Intermediates.noindex/1V1Mobile.build/Debug-iphonesimulator/1v1.build/Objects-normal/arm64/MainTabView.o -o /Users/danjames/Library/Developer/Xcode/DerivedData/1V1Mobile-axdgjfsmmtqimxaoehmaufzgpdtu/Build/Intermediates.noindex/1V1Mobile.build/Debug-iphonesimulator/1v1.build/Objects-normal/arm64/AuthService.o -o /Users/danjames/Library/Developer/Xcode/DerivedData/1V1Mobile-axdgjfsmmtqimxaoehmaufzgpdtu/Build/Intermediates.noindex/1V1Mobile.build/Debug-iphonesimulator/1v1.build/Objects-normal/arm64/SharedProfileView.o -o /Users/danjames/Library/Developer/Xcode/DerivedData/1V1Mobile-axdgjfsmmtqimxaoehmaufzgpdtu/Build/Intermediates.noindex/1V1Mobile.build/Debug-iphonesimulator/1v1.build/Objects-normal/arm64/NavigationManager.o -o /Users/danjames/Library/Developer/Xcode/DerivedData/1V1Mobile-axdgjfsmmtqimxaoehmaufzgpdtu/Build/Intermediates.noindex/1V1Mobile.build/Debug-iphonesimulator/1v1.build/Objects-normal/arm64/UserProfileService.o -index-unit-output-path /1V1Mobile.build/Debug-iphonesimulator/1v1.build/Objects-normal/arm64/GameConfiguration.o -index-unit-output-path /1V1Mobile.build/Debug-iphonesimulator/1v1.build/Objects-normal/arm64/MainTabView.o -index-unit-output-path /1V1Mobile.build/Debug-iphonesimulator/1v1.build/Objects-normal/arm64/AuthService.o -index-unit-output-path /1V1Mobile.build/Debug-iphonesimulator/1v1.build/Objects-normal/arm64/SharedProfileView.o -index-unit-output-path /1V1Mobile.build/Debug-iphonesimulator/1v1.build/Objects-normal/arm64/NavigationManager.o -index-unit-output-path /1V1Mobile.build/Debug-iphonesimulator/1v1.build/Objects-normal/arm64/UserProfileService.o -index-store-path /Users/danjames/Library/Developer/Xcode/DerivedData/1V1Mobile-axdgjfsmmtqimxaoehmaufzgpdtu/Index.noindex/DataStore -index-system-modules

SwiftCompile normal arm64 /Users/danjames/Documents/GitHub/1V1-Mobile/1v1/Models/GameConfiguration.swift (in target '1v1' from project '1V1Mobile')
    cd /Users/danjames/Documents/GitHub/1V1-Mobile
    
/Users/danjames/Documents/GitHub/1V1-Mobile/1v1/Services/AuthService.swift:329:30: error: cannot convert value of type 'Any' to expected dictionary value type 'String'
                    "stats": statsJson,
                             ^
/Users/danjames/Documents/GitHub/1V1-Mobile/1v1/Services/AuthService.swift:347:60: error: cannot convert value of type 'Int' to expected dictionary value type 'String'
                            "power": cardData.rarity.power + Int.random(in: 0...20),
                                                           ^
/Users/danjames/Documents/GitHub/1V1-Mobile/1v1/Services/AuthService.swift:348:42: error: cannot convert value of type 'Bool' to expected dictionary value type 'String'
                            "is_active": true
                                         ^

SwiftCompile normal arm64 /Users/danjames/Documents/GitHub/1V1-Mobile/1v1/Views/MainTabView.swift (in target '1v1' from project '1V1Mobile')
    cd /Users/danjames/Documents/GitHub/1V1-Mobile
    
/Users/danjames/Documents/GitHub/1V1-Mobile/1v1/Services/AuthService.swift:329:30: error: cannot convert value of type 'Any' to expected dictionary value type 'String'
                    "stats": statsJson,
                             ^
/Users/danjames/Documents/GitHub/1V1-Mobile/1v1/Services/AuthService.swift:347:60: error: cannot convert value of type 'Int' to expected dictionary value type 'String'
                            "power": cardData.rarity.power + Int.random(in: 0...20),
                                                           ^
/Users/danjames/Documents/GitHub/1V1-Mobile/1v1/Services/AuthService.swift:348:42: error: cannot convert value of type 'Bool' to expected dictionary value type 'String'
                            "is_active": true
                                         ^

SwiftCompile normal arm64 /Users/danjames/Documents/GitHub/1V1-Mobile/1v1/Services/AuthService.swift (in target '1v1' from project '1V1Mobile')
    cd /Users/danjames/Documents/GitHub/1V1-Mobile
    
/Users/danjames/Documents/GitHub/1V1-Mobile/1v1/Services/AuthService.swift:329:30: error: cannot convert value of type 'Any' to expected dictionary value type 'String'
                    "stats": statsJson,
                             ^
/Users/danjames/Documents/GitHub/1V1-Mobile/1v1/Services/AuthService.swift:347:60: error: cannot convert value of type 'Int' to expected dictionary value type 'String'
                            "power": cardData.rarity.power + Int.random(in: 0...20),
                                                           ^
/Users/danjames/Documents/GitHub/1V1-Mobile/1v1/Services/AuthService.swift:348:42: error: cannot convert value of type 'Bool' to expected dictionary value type 'String'
                            "is_active": true
                                         ^

SwiftCompile normal arm64 /Users/danjames/Documents/GitHub/1V1-Mobile/1v1/Views/SharedProfileView.swift (in target '1v1' from project '1V1Mobile')
    cd /Users/danjames/Documents/GitHub/1V1-Mobile
    
/Users/danjames/Documents/GitHub/1V1-Mobile/1v1/Services/AuthService.swift:329:30: error: cannot convert value of type 'Any' to expected dictionary value type 'String'
                    "stats": statsJson,
                             ^
/Users/danjames/Documents/GitHub/1V1-Mobile/1v1/Services/AuthService.swift:347:60: error: cannot convert value of type 'Int' to expected dictionary value type 'String'
                            "power": cardData.rarity.power + Int.random(in: 0...20),
                                                           ^
/Users/danjames/Documents/GitHub/1V1-Mobile/1v1/Services/AuthService.swift:348:42: error: cannot convert value of type 'Bool' to expected dictionary value type 'String'
                            "is_active": true
                                         ^

SwiftCompile normal arm64 /Users/danjames/Documents/GitHub/1V1-Mobile/1v1/Services/NavigationManager.swift (in target '1v1' from project '1V1Mobile')
    cd /Users/danjames/Documents/GitHub/1V1-Mobile
    
/Users/danjames/Documents/GitHub/1V1-Mobile/1v1/Services/AuthService.swift:329:30: error: cannot convert value of type 'Any' to expected dictionary value type 'String'
                    "stats": statsJson,
                             ^
/Users/danjames/Documents/GitHub/1V1-Mobile/1v1/Services/AuthService.swift:347:60: error: cannot convert value of type 'Int' to expected dictionary value type 'String'
                            "power": cardData.rarity.power + Int.random(in: 0...20),
                                                           ^
/Users/danjames/Documents/GitHub/1V1-Mobile/1v1/Services/AuthService.swift:348:42: error: cannot convert value of type 'Bool' to expected dictionary value type 'String'
                            "is_active": true
                                         ^

SwiftCompile normal arm64 /Users/danjames/Documents/GitHub/1V1-Mobile/1v1/Services/UserProfileService.swift (in target '1v1' from project '1V1Mobile')
    cd /Users/danjames/Documents/GitHub/1V1-Mobile
    
/Users/danjames/Documents/GitHub/1V1-Mobile/1v1/Services/AuthService.swift:329:30: error: cannot convert value of type 'Any' to expected dictionary value type 'String'
                    "stats": statsJson,
                             ^
/Users/danjames/Documents/GitHub/1V1-Mobile/1v1/Services/AuthService.swift:347:60: error: cannot convert value of type 'Int' to expected dictionary value type 'String'
                            "power": cardData.rarity.power + Int.random(in: 0...20),
                                                           ^
/Users/danjames/Documents/GitHub/1V1-Mobile/1v1/Services/AuthService.swift:348:42: error: cannot convert value of type 'Bool' to expected dictionary value type 'String'
                            "is_active": true
                                         ^
/Users/danjames/Documents/GitHub/1V1-Mobile/1v1/Services/UserProfileService.swift:45:59: warning: cast from 'Void' to unrelated type '[String : Any]' always fails
            guard let profileResponse = profileData.value as? [String: Any] else {
                                        ~~~~~~~~~~~~~~~~~ ^   ~~~~~~~~~~~~~
/Users/danjames/Documents/GitHub/1V1-Mobile/1v1/Services/UserProfileService.swift:70:57: warning: cast from 'Void' to unrelated type '[String : Any]' always fails
                guard let cardResponse = cardData.value as? [String: Any] else {
                                         ~~~~~~~~~~~~~~ ^   ~~~~~~~~~~~~~
/Users/danjames/Documents/GitHub/1V1-Mobile/1v1/Services/UserProfileService.swift:85:69: warning: cast from 'Void' to unrelated type '[[String : Any]]' always fails
            guard let achievementsResponse = achievementsData.value as? [[String: Any]] else {
                                             ~~~~~~~~~~~~~~~~~~~~~~ ^   ~~~~~~~~~~~~~~~
/Users/danjames/Documents/GitHub/1V1-Mobile/1v1/Services/UserProfileService.swift:133:59: warning: cast from 'Void' to unrelated type '[String : Any]' always fails
            guard let profileResponse = profileData.value as? [String: Any] else {
                                        ~~~~~~~~~~~~~~~~~ ^   ~~~~~~~~~~~~~
/Users/danjames/Documents/GitHub/1V1-Mobile/1v1/Services/UserProfileService.swift:156:57: warning: cast from 'Void' to unrelated type '[String : Any]' always fails
                guard let cardResponse = cardData.value as? [String: Any] else {
                                         ~~~~~~~~~~~~~~ ^   ~~~~~~~~~~~~~
/Users/danjames/Documents/GitHub/1V1-Mobile/1v1/Services/UserProfileService.swift:173:69: warning: cast from 'Void' to unrelated type '[[String : Any]]' always fails
            guard let achievementsResponse = achievementsData.value as? [[String: Any]] else {
                                             ~~~~~~~~~~~~~~~~~~~~~~ ^   ~~~~~~~~~~~~~~~

SwiftCompile normal arm64 Compiling\ NFCService.swift,\ QRCodeService.swift,\ DuelChallengeCardView.swift,\ OnboardingCardGenView.swift,\ VictoryRecapView.swift,\ OnboardingView.swift /Users/danjames/Documents/GitHub/1V1-Mobile/1v1/Services/NFCService.swift /Users/danjames/Documents/GitHub/1V1-Mobile/1v1/Services/QRCodeService.swift /Users/danjames/Documents/GitHub/1V1-Mobile/1v1/Views/Duel/DuelChallengeCardView.swift /Users/danjames/Documents/GitHub/1V1-Mobile/1v1/Screens/Onboarding/OnboardingCardGenView.swift /Users/danjames/Documents/GitHub/1V1-Mobile/1v1/Views/Duel/VictoryRecapView.swift /Users/danjames/Documents/GitHub/1V1-Mobile/1v1/Screens/Onboarding/OnboardingView.swift (in target '1v1' from project '1V1Mobile')
SwiftCompile normal arm64 /Users/danjames/Documents/GitHub/1V1-Mobile/1v1/Services/NFCService.swift (in target '1v1' from project '1V1Mobile')
    cd /Users/danjames/Documents/GitHub/1V1-Mobile
    

SwiftCompile normal arm64 /Users/danjames/Documents/GitHub/1V1-Mobile/1v1/Services/QRCodeService.swift (in target '1v1' from project '1V1Mobile')
    cd /Users/danjames/Documents/GitHub/1V1-Mobile
    

SwiftCompile normal arm64 /Users/danjames/Documents/GitHub/1V1-Mobile/1v1/Views/Duel/DuelChallengeCardView.swift (in target '1v1' from project '1V1Mobile')
    cd /Users/danjames/Documents/GitHub/1V1-Mobile
    

SwiftCompile normal arm64 /Users/danjames/Documents/GitHub/1V1-Mobile/1v1/Screens/Onboarding/OnboardingCardGenView.swift (in target '1v1' from project '1V1Mobile')
    cd /Users/danjames/Documents/GitHub/1V1-Mobile
    

SwiftCompile normal arm64 /Users/danjames/Documents/GitHub/1V1-Mobile/1v1/Views/Duel/VictoryRecapView.swift (in target '1v1' from project '1V1Mobile')
    cd /Users/danjames/Documents/GitHub/1V1-Mobile
    

SwiftCompile normal arm64 /Users/danjames/Documents/GitHub/1V1-Mobile/1v1/Screens/Onboarding/OnboardingView.swift (in target '1v1' from project '1V1Mobile')
    cd /Users/danjames/Documents/GitHub/1V1-Mobile
    

SwiftCompile normal arm64 Compiling\ Duel.swift,\ ImagePicker.swift,\ ProfileView.swift,\ User.swift,\ GeneratedAssetSymbols.swift /Users/danjames/Documents/GitHub/1V1-Mobile/1v1/Models/Duel.swift /Users/danjames/Documents/GitHub/1V1-Mobile/1v1/Views/Shared/ImagePicker.swift /Users/danjames/Documents/GitHub/1V1-Mobile/1v1/Screens/Profile/ProfileView.swift /Users/danjames/Documents/GitHub/1V1-Mobile/1v1/Models/User.swift /Users/danjames/Library/Developer/Xcode/DerivedData/1V1Mobile-axdgjfsmmtqimxaoehmaufzgpdtu/Build/Intermediates.noindex/1V1Mobile.build/Debug-iphonesimulator/1v1.build/DerivedSources/GeneratedAssetSymbols.swift (in target '1v1' from project '1V1Mobile')

SwiftCompile normal arm64 /Users/danjames/Documents/GitHub/1V1-Mobile/1v1/Models/Duel.swift (in target '1v1' from project '1V1Mobile')
    cd /Users/danjames/Documents/GitHub/1V1-Mobile
    

SwiftCompile normal arm64 /Users/danjames/Documents/GitHub/1V1-Mobile/1v1/Views/Shared/ImagePicker.swift (in target '1v1' from project '1V1Mobile')
    cd /Users/danjames/Documents/GitHub/1V1-Mobile
    

SwiftCompile normal arm64 /Users/danjames/Documents/GitHub/1V1-Mobile/1v1/Screens/Profile/ProfileView.swift (in target '1v1' from project '1V1Mobile')
    cd /Users/danjames/Documents/GitHub/1V1-Mobile
    

SwiftCompile normal arm64 /Users/danjames/Documents/GitHub/1V1-Mobile/1v1/Models/User.swift (in target '1v1' from project '1V1Mobile')
    cd /Users/danjames/Documents/GitHub/1V1-Mobile
    

SwiftCompile normal arm64 /Users/danjames/Library/Developer/Xcode/DerivedData/1V1Mobile-axdgjfsmmtqimxaoehmaufzgpdtu/Build/Intermediates.noindex/1V1Mobile.build/Debug-iphonesimulator/1v1.build/DerivedSources/GeneratedAssetSymbols.swift (in target '1v1' from project '1V1Mobile')
    cd /Users/danjames/Documents/GitHub/1V1-Mobile
    

SwiftCompile normal arm64 Compiling\ OnboardingStatsView.swift,\ Game.swift,\ ContentView.swift,\ UserProfile.swift,\ QRCodeScannerView.swift /Users/danjames/Documents/GitHub/1V1-Mobile/1v1/Screens/Onboarding/OnboardingStatsView.swift /Users/danjames/Documents/GitHub/1V1-Mobile/1v1/Models/Game.swift /Users/danjames/Documents/GitHub/1V1-Mobile/1v1/Views/ContentView.swift /Users/danjames/Documents/GitHub/1V1-Mobile/1v1/Models/UserProfile.swift /Users/danjames/Documents/GitHub/1V1-Mobile/1v1/Views/QRCodeScannerView.swift (in target '1v1' from project '1V1Mobile')

SwiftCompile normal arm64 /Users/danjames/Documents/GitHub/1V1-Mobile/1v1/Screens/Onboarding/OnboardingStatsView.swift (in target '1v1' from project '1V1Mobile')
    cd /Users/danjames/Documents/GitHub/1V1-Mobile
    

SwiftCompile normal arm64 /Users/danjames/Documents/GitHub/1V1-Mobile/1v1/Models/Game.swift (in target '1v1' from project '1V1Mobile')
    cd /Users/danjames/Documents/GitHub/1V1-Mobile
    

SwiftCompile normal arm64 /Users/danjames/Documents/GitHub/1V1-Mobile/1v1/Views/ContentView.swift (in target '1v1' from project '1V1Mobile')
    cd /Users/danjames/Documents/GitHub/1V1-Mobile
    

SwiftCompile normal arm64 /Users/danjames/Documents/GitHub/1V1-Mobile/1v1/Models/UserProfile.swift (in target '1v1' from project '1V1Mobile')
    cd /Users/danjames/Documents/GitHub/1V1-Mobile
    

SwiftCompile normal arm64 /Users/danjames/Documents/GitHub/1V1-Mobile/1v1/Views/QRCodeScannerView.swift (in target '1v1' from project '1V1Mobile')
    cd /Users/danjames/Documents/GitHub/1V1-Mobile
    

CompileC /Users/danjames/Library/Developer/Xcode/DerivedData/1V1Mobile-axdgjfsmmtqimxaoehmaufzgpdtu/Build/Intermediates.noindex/GoogleSignIn.build/Debug-iphonesimulator/GoogleSignIn.build/Objects-normal/arm64/GIDSignIn.o /Users/danjames/Library/Developer/Xcode/DerivedData/1V1Mobile-axdgjfsmmtqimxaoehmaufzgpdtu/SourcePackages/checkouts/GoogleSignIn-iOS/GoogleSignIn/Sources/GIDSignIn.m normal arm64 objective-c com.apple.compilers.llvm.clang.1_0.compiler (in target 'GoogleSignIn' from project 'GoogleSignIn')
    cd /Users/danjames/Documents/GitHub/1V1-Mobile/1V1Mobile.xcodeproj
    
    Using response file: /Users/danjames/Library/Developer/Xcode/DerivedData/1V1Mobile-axdgjfsmmtqimxaoehmaufzgpdtu/Build/Intermediates.noindex/GoogleSignIn.build/Debug-iphonesimulator/GoogleSignIn.build/Objects-normal/arm64/e6072d4f65d7061329687fe24e3d63a7-common-args.resp
    
    /Applications/Xcode.app/Contents/Developer/Toolchains/XcodeDefault.xctoolchain/usr/bin/clang -x objective-c -ivfsstatcache /Users/danjames/Library/Developer/Xcode/DerivedData/SDKStatCaches.noindex/iphonesimulator18.5-22F76-d5fc8ad4295d2ef488fb7d0f804ce0c4.sdkstatcache -fmessage-length\=0 -fdiagnostics-show-note-include-stack -fmacro-backtrace-limit\=0 -fno-color-diagnostics -fmodules-prune-interval\=86400 -fmodules-prune-after\=345600 -fbuild-session-file\=/Users/danjames/Library/Developer/Xcode/DerivedData/ModuleCache.noindex/Session.modulevalidation -fmodules-validate-once-per-build-session -Wnon-modular-include-in-framework-module -Werror\=non-modular-include-in-framework-module -Wno-trigraphs -Wno-missing-field-initializers -Wno-missing-prototypes -Wno-return-type -Wno-implicit-atomic-properties -Wno-objc-interface-ivars -Wno-arc-repeated-use-of-weak -Wno-missing-braces -Wparentheses -Wswitch -Wno-unused-function -Wno-unused-label -Wno-unused-parameter -Wno-unused-variable -Wunused-value -Wno-empty-body -Wno-uninitialized -Wno-unknown-pragmas -w -Wno-shadow -Wno-four-char-constants -Wno-conversion -Wno-constant-conversion -Wno-int-conversion -Wno-bool-conversion -Wno-enum-conversion -Wno-float-conversion -Wno-non-literal-null-conversion -Wno-objc-literal-conversion -Wshorten-64-to-32 -Wpointer-sign -Wno-newline-eof -Wno-selector -Wno-strict-selector-match -Wno-undeclared-selector -Wno-deprecated-implementations -Wno-implicit-fallthrough -fstrict-aliasing -Wprotocol -Wdeprecated-declarations -Wno-sign-conversion -Wno-infinite-recursion -Wno-comma -Wno-block-capture-autoreleasing -Wno-strict-prototypes -Wno-semicolon-before-method-body -index-store-path /Users/danjames/Library/Developer/Xcode/DerivedData/1V1Mobile-axdgjfsmmtqimxaoehmaufzgpdtu/Index.noindex/DataStore @/Users/danjames/Library/Developer/Xcode/DerivedData/1V1Mobile-axdgjfsmmtqimxaoehmaufzgpdtu/Build/Intermediates.noindex/GoogleSignIn.build/Debug-iphonesimulator/GoogleSignIn.build/Objects-normal/arm64/e6072d4f65d7061329687fe24e3d63a7-common-args.resp -include /Users/danjames/Library/Developer/Xcode/DerivedData/1V1Mobile-axdgjfsmmtqimxaoehmaufzgpdtu/Build/Intermediates.noindex/GoogleSignIn.build/Debug-iphonesimulator/GoogleSignIn.build/DerivedSources/resource_bundle_accessor.h -MMD -MT dependencies -MF /Users/danjames/Library/Developer/Xcode/DerivedData/1V1Mobile-axdgjfsmmtqimxaoehmaufzgpdtu/Build/Intermediates.noindex/GoogleSignIn.build/Debug-iphonesimulator/GoogleSignIn.build/Objects-normal/arm64/GIDSignIn.d --serialize-diagnostics /Users/danjames/Library/Developer/Xcode/DerivedData/1V1Mobile-axdgjfsmmtqimxaoehmaufzgpdtu/Build/Intermediates.noindex/GoogleSignIn.build/Debug-iphonesimulator/GoogleSignIn.build/Objects-normal/arm64/GIDSignIn.dia -c /Users/danjames/Library/Developer/Xcode/DerivedData/1V1Mobile-axdgjfsmmtqimxaoehmaufzgpdtu/SourcePackages/checkouts/GoogleSignIn-iOS/GoogleSignIn/Sources/GIDSignIn.m -o /Users/danjames/Library/Developer/Xcode/DerivedData/1V1Mobile-axdgjfsmmtqimxaoehmaufzgpdtu/Build/Intermediates.noindex/GoogleSignIn.build/Debug-iphonesimulator/GoogleSignIn.build/Objects-normal/arm64/GIDSignIn.o -index-unit-output-path /GoogleSignIn.build/Debug-iphonesimulator/GoogleSignIn.build/Objects-normal/arm64/GIDSignIn.o

CompileC /Users/danjames/Library/Developer/Xcode/DerivedData/1V1Mobile-axdgjfsmmtqimxaoehmaufzgpdtu/Build/Intermediates.noindex/GoogleSignIn.build/Debug-iphonesimulator/GoogleSignIn.build/Objects-normal/arm64/GIDGoogleUser.o /Users/danjames/Library/Developer/Xcode/DerivedData/1V1Mobile-axdgjfsmmtqimxaoehmaufzgpdtu/SourcePackages/checkouts/GoogleSignIn-iOS/GoogleSignIn/Sources/GIDGoogleUser.m normal arm64 objective-c com.apple.compilers.llvm.clang.1_0.compiler (in target 'GoogleSignIn' from project 'GoogleSignIn')
    cd /Users/danjames/Documents/GitHub/1V1-Mobile/1V1Mobile.xcodeproj
    
    Using response file: /Users/danjames/Library/Developer/Xcode/DerivedData/1V1Mobile-axdgjfsmmtqimxaoehmaufzgpdtu/Build/Intermediates.noindex/GoogleSignIn.build/Debug-iphonesimulator/GoogleSignIn.build/Objects-normal/arm64/e6072d4f65d7061329687fe24e3d63a7-common-args.resp
    
    /Applications/Xcode.app/Contents/Developer/Toolchains/XcodeDefault.xctoolchain/usr/bin/clang -x objective-c -ivfsstatcache /Users/danjames/Library/Developer/Xcode/DerivedData/SDKStatCaches.noindex/iphonesimulator18.5-22F76-d5fc8ad4295d2ef488fb7d0f804ce0c4.sdkstatcache -fmessage-length\=0 -fdiagnostics-show-note-include-stack -fmacro-backtrace-limit\=0 -fno-color-diagnostics -fmodules-prune-interval\=86400 -fmodules-prune-after\=345600 -fbuild-session-file\=/Users/danjames/Library/Developer/Xcode/DerivedData/ModuleCache.noindex/Session.modulevalidation -fmodules-validate-once-per-build-session -Wnon-modular-include-in-framework-module -Werror\=non-modular-include-in-framework-module -Wno-trigraphs -Wno-missing-field-initializers -Wno-missing-prototypes -Wno-return-type -Wno-implicit-atomic-properties -Wno-objc-interface-ivars -Wno-arc-repeated-use-of-weak -Wno-missing-braces -Wparentheses -Wswitch -Wno-unused-function -Wno-unused-label -Wno-unused-parameter -Wno-unused-variable -Wunused-value -Wno-empty-body -Wno-uninitialized -Wno-unknown-pragmas -w -Wno-shadow -Wno-four-char-constants -Wno-conversion -Wno-constant-conversion -Wno-int-conversion -Wno-bool-conversion -Wno-enum-conversion -Wno-float-conversion -Wno-non-literal-null-conversion -Wno-objc-literal-conversion -Wshorten-64-to-32 -Wpointer-sign -Wno-newline-eof -Wno-selector -Wno-strict-selector-match -Wno-undeclared-selector -Wno-deprecated-implementations -Wno-implicit-fallthrough -fstrict-aliasing -Wprotocol -Wdeprecated-declarations -Wno-sign-conversion -Wno-infinite-recursion -Wno-comma -Wno-block-capture-autoreleasing -Wno-strict-prototypes -Wno-semicolon-before-method-body -index-store-path /Users/danjames/Library/Developer/Xcode/DerivedData/1V1Mobile-axdgjfsmmtqimxaoehmaufzgpdtu/Index.noindex/DataStore @/Users/danjames/Library/Developer/Xcode/DerivedData/1V1Mobile-axdgjfsmmtqimxaoehmaufzgpdtu/Build/Intermediates.noindex/GoogleSignIn.build/Debug-iphonesimulator/GoogleSignIn.build/Objects-normal/arm64/e6072d4f65d7061329687fe24e3d63a7-common-args.resp -include /Users/danjames/Library/Developer/Xcode/DerivedData/1V1Mobile-axdgjfsmmtqimxaoehmaufzgpdtu/Build/Intermediates.noindex/GoogleSignIn.build/Debug-iphonesimulator/GoogleSignIn.build/DerivedSources/resource_bundle_accessor.h -MMD -MT dependencies -MF /Users/danjames/Library/Developer/Xcode/DerivedData/1V1Mobile-axdgjfsmmtqimxaoehmaufzgpdtu/Build/Intermediates.noindex/GoogleSignIn.build/Debug-iphonesimulator/GoogleSignIn.build/Objects-normal/arm64/GIDGoogleUser.d --serialize-diagnostics /Users/danjames/Library/Developer/Xcode/DerivedData/1V1Mobile-axdgjfsmmtqimxaoehmaufzgpdtu/Build/Intermediates.noindex/GoogleSignIn.build/Debug-iphonesimulator/GoogleSignIn.build/Objects-normal/arm64/GIDGoogleUser.dia -c /Users/danjames/Library/Developer/Xcode/DerivedData/1V1Mobile-axdgjfsmmtqimxaoehmaufzgpdtu/SourcePackages/checkouts/GoogleSignIn-iOS/GoogleSignIn/Sources/GIDGoogleUser.m -o /Users/danjames/Library/Developer/Xcode/DerivedData/1V1Mobile-axdgjfsmmtqimxaoehmaufzgpdtu/Build/Intermediates.noindex/GoogleSignIn.build/Debug-iphonesimulator/GoogleSignIn.build/Objects-normal/arm64/GIDGoogleUser.o -index-unit-output-path /GoogleSignIn.build/Debug-iphonesimulator/GoogleSignIn.build/Objects-normal/arm64/GIDGoogleUser.o

CompileC /Users/danjames/Library/Developer/Xcode/DerivedData/1V1Mobile-axdgjfsmmtqimxaoehmaufzgpdtu/Build/Intermediates.noindex/GoogleSignIn.build/Debug-iphonesimulator/GoogleSignIn.build/Objects-normal/arm64/GIDEMMSupport.o /Users/danjames/Library/Developer/Xcode/DerivedData/1V1Mobile-axdgjfsmmtqimxaoehmaufzgpdtu/SourcePackages/checkouts/GoogleSignIn-iOS/GoogleSignIn/Sources/GIDEMMSupport.m normal arm64 objective-c com.apple.compilers.llvm.clang.1_0.compiler (in target 'GoogleSignIn' from project 'GoogleSignIn')
    cd /Users/danjames/Documents/GitHub/1V1-Mobile/1V1Mobile.xcodeproj
    
    Using response file: /Users/danjames/Library/Developer/Xcode/DerivedData/1V1Mobile-axdgjfsmmtqimxaoehmaufzgpdtu/Build/Intermediates.noindex/GoogleSignIn.build/Debug-iphonesimulator/GoogleSignIn.build/Objects-normal/arm64/e6072d4f65d7061329687fe24e3d63a7-common-args.resp
    
    /Applications/Xcode.app/Contents/Developer/Toolchains/XcodeDefault.xctoolchain/usr/bin/clang -x objective-c -ivfsstatcache /Users/danjames/Library/Developer/Xcode/DerivedData/SDKStatCaches.noindex/iphonesimulator18.5-22F76-d5fc8ad4295d2ef488fb7d0f804ce0c4.sdkstatcache -fmessage-length\=0 -fdiagnostics-show-note-include-stack -fmacro-backtrace-limit\=0 -fno-color-diagnostics -fmodules-prune-interval\=86400 -fmodules-prune-after\=345600 -fbuild-session-file\=/Users/danjames/Library/Developer/Xcode/DerivedData/ModuleCache.noindex/Session.modulevalidation -fmodules-validate-once-per-build-session -Wnon-modular-include-in-framework-module -Werror\=non-modular-include-in-framework-module -Wno-trigraphs -Wno-missing-field-initializers -Wno-missing-prototypes -Wno-return-type -Wno-implicit-atomic-properties -Wno-objc-interface-ivars -Wno-arc-repeated-use-of-weak -Wno-missing-braces -Wparentheses -Wswitch -Wno-unused-function -Wno-unused-label -Wno-unused-parameter -Wno-unused-variable -Wunused-value -Wno-empty-body -Wno-uninitialized -Wno-unknown-pragmas -w -Wno-shadow -Wno-four-char-constants -Wno-conversion -Wno-constant-conversion -Wno-int-conversion -Wno-bool-conversion -Wno-enum-conversion -Wno-float-conversion -Wno-non-literal-null-conversion -Wno-objc-literal-conversion -Wshorten-64-to-32 -Wpointer-sign -Wno-newline-eof -Wno-selector -Wno-strict-selector-match -Wno-undeclared-selector -Wno-deprecated-implementations -Wno-implicit-fallthrough -fstrict-aliasing -Wprotocol -Wdeprecated-declarations -Wno-sign-conversion -Wno-infinite-recursion -Wno-comma -Wno-block-capture-autoreleasing -Wno-strict-prototypes -Wno-semicolon-before-method-body -index-store-path /Users/danjames/Library/Developer/Xcode/DerivedData/1V1Mobile-axdgjfsmmtqimxaoehmaufzgpdtu/Index.noindex/DataStore @/Users/danjames/Library/Developer/Xcode/DerivedData/1V1Mobile-axdgjfsmmtqimxaoehmaufzgpdtu/Build/Intermediates.noindex/GoogleSignIn.build/Debug-iphonesimulator/GoogleSignIn.build/Objects-normal/arm64/e6072d4f65d7061329687fe24e3d63a7-common-args.resp -include /Users/danjames/Library/Developer/Xcode/DerivedData/1V1Mobile-axdgjfsmmtqimxaoehmaufzgpdtu/Build/Intermediates.noindex/GoogleSignIn.build/Debug-iphonesimulator/GoogleSignIn.build/DerivedSources/resource_bundle_accessor.h -MMD -MT dependencies -MF /Users/danjames/Library/Developer/Xcode/DerivedData/1V1Mobile-axdgjfsmmtqimxaoehmaufzgpdtu/Build/Intermediates.noindex/GoogleSignIn.build/Debug-iphonesimulator/GoogleSignIn.build/Objects-normal/arm64/GIDEMMSupport.d --serialize-diagnostics /Users/danjames/Library/Developer/Xcode/DerivedData/1V1Mobile-axdgjfsmmtqimxaoehmaufzgpdtu/Build/Intermediates.noindex/GoogleSignIn.build/Debug-iphonesimulator/GoogleSignIn.build/Objects-normal/arm64/GIDEMMSupport.dia -c /Users/danjames/Library/Developer/Xcode/DerivedData/1V1Mobile-axdgjfsmmtqimxaoehmaufzgpdtu/SourcePackages/checkouts/GoogleSignIn-iOS/GoogleSignIn/Sources/GIDEMMSupport.m -o /Users/danjames/Library/Developer/Xcode/DerivedData/1V1Mobile-axdgjfsmmtqimxaoehmaufzgpdtu/Build/Intermediates.noindex/GoogleSignIn.build/Debug-iphonesimulator/GoogleSignIn.build/Objects-normal/arm64/GIDEMMSupport.o -index-unit-output-path /GoogleSignIn.build/Debug-iphonesimulator/GoogleSignIn.build/Objects-normal/arm64/GIDEMMSupport.o

CompileC /Users/danjames/Library/Developer/Xcode/DerivedData/1V1Mobile-axdgjfsmmtqimxaoehmaufzgpdtu/Build/Intermediates.noindex/GoogleSignIn.build/Debug-iphonesimulator/GoogleSignIn.build/Objects-normal/arm64/GIDAuthStateMigration.o /Users/danjames/Library/Developer/Xcode/DerivedData/1V1Mobile-axdgjfsmmtqimxaoehmaufzgpdtu/SourcePackages/checkouts/GoogleSignIn-iOS/GoogleSignIn/Sources/GIDAuthStateMigration.m normal arm64 objective-c com.apple.compilers.llvm.clang.1_0.compiler (in target 'GoogleSignIn' from project 'GoogleSignIn')
    cd /Users/danjames/Documents/GitHub/1V1-Mobile/1V1Mobile.xcodeproj
    
    Using response file: /Users/danjames/Library/Developer/Xcode/DerivedData/1V1Mobile-axdgjfsmmtqimxaoehmaufzgpdtu/Build/Intermediates.noindex/GoogleSignIn.build/Debug-iphonesimulator/GoogleSignIn.build/Objects-normal/arm64/e6072d4f65d7061329687fe24e3d63a7-common-args.resp
    
    /Applications/Xcode.app/Contents/Developer/Toolchains/XcodeDefault.xctoolchain/usr/bin/clang -x objective-c -ivfsstatcache /Users/danjames/Library/Developer/Xcode/DerivedData/SDKStatCaches.noindex/iphonesimulator18.5-22F76-d5fc8ad4295d2ef488fb7d0f804ce0c4.sdkstatcache -fmessage-length\=0 -fdiagnostics-show-note-include-stack -fmacro-backtrace-limit\=0 -fno-color-diagnostics -fmodules-prune-interval\=86400 -fmodules-prune-after\=345600 -fbuild-session-file\=/Users/danjames/Library/Developer/Xcode/DerivedData/ModuleCache.noindex/Session.modulevalidation -fmodules-validate-once-per-build-session -Wnon-modular-include-in-framework-module -Werror\=non-modular-include-in-framework-module -Wno-trigraphs -Wno-missing-field-initializers -Wno-missing-prototypes -Wno-return-type -Wno-implicit-atomic-properties -Wno-objc-interface-ivars -Wno-arc-repeated-use-of-weak -Wno-missing-braces -Wparentheses -Wswitch -Wno-unused-function -Wno-unused-label -Wno-unused-parameter -Wno-unused-variable -Wunused-value -Wno-empty-body -Wno-uninitialized -Wno-unknown-pragmas -w -Wno-shadow -Wno-four-char-constants -Wno-conversion -Wno-constant-conversion -Wno-int-conversion -Wno-bool-conversion -Wno-enum-conversion -Wno-float-conversion -Wno-non-literal-null-conversion -Wno-objc-literal-conversion -Wshorten-64-to-32 -Wpointer-sign -Wno-newline-eof -Wno-selector -Wno-strict-selector-match -Wno-undeclared-selector -Wno-deprecated-implementations -Wno-implicit-fallthrough -fstrict-aliasing -Wprotocol -Wdeprecated-declarations -Wno-sign-conversion -Wno-infinite-recursion -Wno-comma -Wno-block-capture-autoreleasing -Wno-strict-prototypes -Wno-semicolon-before-method-body -index-store-path /Users/danjames/Library/Developer/Xcode/DerivedData/1V1Mobile-axdgjfsmmtqimxaoehmaufzgpdtu/Index.noindex/DataStore @/Users/danjames/Library/Developer/Xcode/DerivedData/1V1Mobile-axdgjfsmmtqimxaoehmaufzgpdtu/Build/Intermediates.noindex/GoogleSignIn.build/Debug-iphonesimulator/GoogleSignIn.build/Objects-normal/arm64/e6072d4f65d7061329687fe24e3d63a7-common-args.resp -include /Users/danjames/Library/Developer/Xcode/DerivedData/1V1Mobile-axdgjfsmmtqimxaoehmaufzgpdtu/Build/Intermediates.noindex/GoogleSignIn.build/Debug-iphonesimulator/GoogleSignIn.build/DerivedSources/resource_bundle_accessor.h -MMD -MT dependencies -MF /Users/danjames/Library/Developer/Xcode/DerivedData/1V1Mobile-axdgjfsmmtqimxaoehmaufzgpdtu/Build/Intermediates.noindex/GoogleSignIn.build/Debug-iphonesimulator/GoogleSignIn.build/Objects-normal/arm64/GIDAuthStateMigration.d --serialize-diagnostics /Users/danjames/Library/Developer/Xcode/DerivedData/1V1Mobile-axdgjfsmmtqimxaoehmaufzgpdtu/Build/Intermediates.noindex/GoogleSignIn.build/Debug-iphonesimulator/GoogleSignIn.build/Objects-normal/arm64/GIDAuthStateMigration.dia -c /Users/danjames/Library/Developer/Xcode/DerivedData/1V1Mobile-axdgjfsmmtqimxaoehmaufzgpdtu/SourcePackages/checkouts/GoogleSignIn-iOS/GoogleSignIn/Sources/GIDAuthStateMigration.m -o /Users/danjames/Library/Developer/Xcode/DerivedData/1V1Mobile-axdgjfsmmtqimxaoehmaufzgpdtu/Build/Intermediates.noindex/GoogleSignIn.build/Debug-iphonesimulator/GoogleSignIn.build/Objects-normal/arm64/GIDAuthStateMigration.o -index-unit-output-path /GoogleSignIn.build/Debug-iphonesimulator/GoogleSignIn.build/Objects-normal/arm64/GIDAuthStateMigration.o

SwiftCompile normal arm64 Compiling\ DuelListView.swift,\ OnboardingCoordinator.swift,\ Achievement.swift,\ NotificationModels.swift,\ OnlineSharingView.swift,\ DatabaseValidationService.swift /Users/danjames/Documents/GitHub/1V1-Mobile/1v1/Views/Duel/DuelListView.swift /Users/danjames/Documents/GitHub/1V1-Mobile/1v1/Screens/Onboarding/OnboardingCoordinator.swift /Users/danjames/Documents/GitHub/1V1-Mobile/1v1/Models/Achievement.swift /Users/danjames/Documents/GitHub/1V1-Mobile/1v1/Models/NotificationModels.swift /Users/danjames/Documents/GitHub/1V1-Mobile/1v1/Views/OnlineSharingView.swift /Users/danjames/Documents/GitHub/1V1-Mobile/1v1/Services/DatabaseValidationService.swift (in target '1v1' from project '1V1Mobile')

SwiftCompile normal arm64 /Users/danjames/Documents/GitHub/1V1-Mobile/1v1/Views/Duel/DuelListView.swift (in target '1v1' from project '1V1Mobile')
    cd /Users/danjames/Documents/GitHub/1V1-Mobile
    

SwiftCompile normal arm64 /Users/danjames/Documents/GitHub/1V1-Mobile/1v1/Screens/Onboarding/OnboardingCoordinator.swift (in target '1v1' from project '1V1Mobile')
    cd /Users/danjames/Documents/GitHub/1V1-Mobile
    

SwiftCompile normal arm64 /Users/danjames/Documents/GitHub/1V1-Mobile/1v1/Models/Achievement.swift (in target '1v1' from project '1V1Mobile')
    cd /Users/danjames/Documents/GitHub/1V1-Mobile
    

SwiftCompile normal arm64 /Users/danjames/Documents/GitHub/1V1-Mobile/1v1/Models/NotificationModels.swift (in target '1v1' from project '1V1Mobile')
    cd /Users/danjames/Documents/GitHub/1V1-Mobile
    

SwiftCompile normal arm64 /Users/danjames/Documents/GitHub/1V1-Mobile/1v1/Views/OnlineSharingView.swift (in target '1v1' from project '1V1Mobile')
    cd /Users/danjames/Documents/GitHub/1V1-Mobile
    

SwiftCompile normal arm64 /Users/danjames/Documents/GitHub/1V1-Mobile/1v1/Services/DatabaseValidationService.swift (in target '1v1' from project '1V1Mobile')
    cd /Users/danjames/Documents/GitHub/1V1-Mobile
    

SwiftCompile normal arm64 Compiling\ GameConfigurationService.swift,\ SupabaseService.swift,\ OCRVerificationService.swift,\ DuelProposalView.swift,\ OnboardingFlowView.swift /Users/danjames/Documents/GitHub/1V1-Mobile/1v1/Services/GameConfigurationService.swift /Users/danjames/Documents/GitHub/1V1-Mobile/1v1/Services/SupabaseService.swift /Users/danjames/Documents/GitHub/1V1-Mobile/1v1/Services/OCRVerificationService.swift /Users/danjames/Documents/GitHub/1V1-Mobile/1v1/Views/Duel/DuelProposalView.swift /Users/danjames/Documents/GitHub/1V1-Mobile/1v1/Screens/Onboarding/OnboardingFlowView.swift (in target '1v1' from project '1V1Mobile')

SwiftCompile normal arm64 /Users/danjames/Documents/GitHub/1V1-Mobile/1v1/Services/GameConfigurationService.swift (in target '1v1' from project '1V1Mobile')
    cd /Users/danjames/Documents/GitHub/1V1-Mobile
    

SwiftCompile normal arm64 /Users/danjames/Documents/GitHub/1V1-Mobile/1v1/Services/SupabaseService.swift (in target '1v1' from project '1V1Mobile')
    cd /Users/danjames/Documents/GitHub/1V1-Mobile
    

SwiftCompile normal arm64 /Users/danjames/Documents/GitHub/1V1-Mobile/1v1/Services/OCRVerificationService.swift (in target '1v1' from project '1V1Mobile')
    cd /Users/danjames/Documents/GitHub/1V1-Mobile
    

SwiftCompile normal arm64 /Users/danjames/Documents/GitHub/1V1-Mobile/1v1/Views/Duel/DuelProposalView.swift (in target '1v1' from project '1V1Mobile')
    cd /Users/danjames/Documents/GitHub/1V1-Mobile
    

SwiftCompile normal arm64 /Users/danjames/Documents/GitHub/1V1-Mobile/1v1/Screens/Onboarding/OnboardingFlowView.swift (in target '1v1' from project '1V1Mobile')
    cd /Users/danjames/Documents/GitHub/1V1-Mobile
    

CompileC /Users/danjames/Library/Developer/Xcode/DerivedData/1V1Mobile-axdgjfsmmtqimxaoehmaufzgpdtu/Build/Intermediates.noindex/GTMSessionFetcher.build/Debug-iphonesimulator/GTMSessionFetcherCore.build/Objects-normal/arm64/GTMSessionUploadFetcher.o /Users/danjames/Library/Developer/Xcode/DerivedData/1V1Mobile-axdgjfsmmtqimxaoehmaufzgpdtu/SourcePackages/checkouts/gtm-session-fetcher/Sources/Core/GTMSessionUploadFetcher.m normal arm64 objective-c com.apple.compilers.llvm.clang.1_0.compiler (in target 'GTMSessionFetcherCore' from project 'GTMSessionFetcher')
    cd /Users/danjames/Documents/GitHub/1V1-Mobile/1V1Mobile.xcodeproj
    
    Using response file: /Users/danjames/Library/Developer/Xcode/DerivedData/1V1Mobile-axdgjfsmmtqimxaoehmaufzgpdtu/Build/Intermediates.noindex/GTMSessionFetcher.build/Debug-iphonesimulator/GTMSessionFetcherCore.build/Objects-normal/arm64/e6072d4f65d7061329687fe24e3d63a7-common-args.resp
    
    /Applications/Xcode.app/Contents/Developer/Toolchains/XcodeDefault.xctoolchain/usr/bin/clang -x objective-c -ivfsstatcache /Users/danjames/Library/Developer/Xcode/DerivedData/SDKStatCaches.noindex/iphonesimulator18.5-22F76-d5fc8ad4295d2ef488fb7d0f804ce0c4.sdkstatcache -fmessage-length\=0 -fdiagnostics-show-note-include-stack -fmacro-backtrace-limit\=0 -fno-color-diagnostics -fmodules-prune-interval\=86400 -fmodules-prune-after\=345600 -fbuild-session-file\=/Users/danjames/Library/Developer/Xcode/DerivedData/ModuleCache.noindex/Session.modulevalidation -fmodules-validate-once-per-build-session -Wnon-modular-include-in-framework-module -Werror\=non-modular-include-in-framework-module -Wno-trigraphs -Wno-missing-field-initializers -Wno-missing-prototypes -Wno-return-type -Wno-implicit-atomic-properties -Wno-objc-interface-ivars -Wno-arc-repeated-use-of-weak -Wno-missing-braces -Wparentheses -Wswitch -Wno-unused-function -Wno-unused-label -Wno-unused-parameter -Wno-unused-variable -Wunused-value -Wno-empty-body -Wno-uninitialized -Wno-unknown-pragmas -w -Wno-shadow -Wno-four-char-constants -Wno-conversion -Wno-constant-conversion -Wno-int-conversion -Wno-bool-conversion -Wno-enum-conversion -Wno-float-conversion -Wno-non-literal-null-conversion -Wno-objc-literal-conversion -Wshorten-64-to-32 -Wpointer-sign -Wno-newline-eof -Wno-selector -Wno-strict-selector-match -Wno-undeclared-selector -Wno-deprecated-implementations -Wno-implicit-fallthrough -fstrict-aliasing -Wprotocol -Wdeprecated-declarations -Wno-sign-conversion -Wno-infinite-recursion -Wno-comma -Wno-block-capture-autoreleasing -Wno-strict-prototypes -Wno-semicolon-before-method-body -index-store-path /Users/danjames/Library/Developer/Xcode/DerivedData/1V1Mobile-axdgjfsmmtqimxaoehmaufzgpdtu/Index.noindex/DataStore @/Users/danjames/Library/Developer/Xcode/DerivedData/1V1Mobile-axdgjfsmmtqimxaoehmaufzgpdtu/Build/Intermediates.noindex/GTMSessionFetcher.build/Debug-iphonesimulator/GTMSessionFetcherCore.build/Objects-normal/arm64/e6072d4f65d7061329687fe24e3d63a7-common-args.resp -include /Users/danjames/Library/Developer/Xcode/DerivedData/1V1Mobile-axdgjfsmmtqimxaoehmaufzgpdtu/Build/Intermediates.noindex/GTMSessionFetcher.build/Debug-iphonesimulator/GTMSessionFetcherCore.build/DerivedSources/resource_bundle_accessor.h -MMD -MT dependencies -MF /Users/danjames/Library/Developer/Xcode/DerivedData/1V1Mobile-axdgjfsmmtqimxaoehmaufzgpdtu/Build/Intermediates.noindex/GTMSessionFetcher.build/Debug-iphonesimulator/GTMSessionFetcherCore.build/Objects-normal/arm64/GTMSessionUploadFetcher.d --serialize-diagnostics /Users/danjames/Library/Developer/Xcode/DerivedData/1V1Mobile-axdgjfsmmtqimxaoehmaufzgpdtu/Build/Intermediates.noindex/GTMSessionFetcher.build/Debug-iphonesimulator/GTMSessionFetcherCore.build/Objects-normal/arm64/GTMSessionUploadFetcher.dia -c /Users/danjames/Library/Developer/Xcode/DerivedData/1V1Mobile-axdgjfsmmtqimxaoehmaufzgpdtu/SourcePackages/checkouts/gtm-session-fetcher/Sources/Core/GTMSessionUploadFetcher.m -o /Users/danjames/Library/Developer/Xcode/DerivedData/1V1Mobile-axdgjfsmmtqimxaoehmaufzgpdtu/Build/Intermediates.noindex/GTMSessionFetcher.build/Debug-iphonesimulator/GTMSessionFetcherCore.build/Objects-normal/arm64/GTMSessionUploadFetcher.o -index-unit-output-path /GTMSessionFetcher.build/Debug-iphonesimulator/GTMSessionFetcherCore.build/Objects-normal/arm64/GTMSessionUploadFetcher.o

SwiftDriverJobDiscovery normal arm64 Emitting module for _v1 (in target '1v1' from project '1V1Mobile')

SwiftDriver\ Compilation\ Requirements 1v1 normal arm64 com.apple.xcode.tools.swift.compiler (in target '1v1' from project '1V1Mobile')
    cd /Users/danjames/Documents/GitHub/1V1-Mobile
    builtin-Swift-Compilation-Requirements -- /Applications/Xcode.app/Contents/Developer/Toolchains/XcodeDefault.xctoolchain/usr/bin/swiftc -module-name _v1 -Onone -enforce-exclusivity\=checked @/Users/danjames/Library/Developer/Xcode/DerivedData/1V1Mobile-axdgjfsmmtqimxaoehmaufzgpdtu/Build/Intermediates.noindex/1V1Mobile.build/Debug-iphonesimulator/1v1.build/Objects-normal/arm64/1v1.SwiftFileList -DDEBUG -Xcc -fmodule-map-file\=/Users/danjames/Library/Developer/Xcode/DerivedData/1V1Mobile-axdgjfsmmtqimxaoehmaufzgpdtu/Build/Intermediates.noindex/GeneratedModuleMaps-iphonesimulator/AppAuth.modulemap -Xcc -fmodule-map-file\=/Users/danjames/Library/Developer/Xcode/DerivedData/1V1Mobile-axdgjfsmmtqimxaoehmaufzgpdtu/Build/Intermediates.noindex/GeneratedModuleMaps-iphonesimulator/AppAuthCore.modulemap -Xcc -fmodule-map-file\=/Users/danjames/Library/Developer/Xcode/DerivedData/1V1Mobile-axdgjfsmmtqimxaoehmaufzgpdtu/Build/Intermediates.noindex/GeneratedModuleMaps-iphonesimulator/GTMSessionFetcherCore.modulemap -Xcc -fmodule-map-file\=/Users/danjames/Library/Developer/Xcode/DerivedData/1V1Mobile-axdgjfsmmtqimxaoehmaufzgpdtu/Build/Intermediates.noindex/GeneratedModuleMaps-iphonesimulator/GoogleSignIn.modulemap -enable-bare-slash-regex -enable-experimental-feature DebugDescriptionMacro -sdk /Applications/Xcode.app/Contents/Developer/Platforms/iPhoneSimulator.platform/Developer/SDKs/iPhoneSimulator18.5.sdk -target arm64-apple-ios15.0-simulator -g -module-cache-path /Users/danjames/Library/Developer/Xcode/DerivedData/ModuleCache.noindex -Xfrontend -serialize-debugging-options -profile-coverage-mapping -profile-generate -enable-testing -index-store-path /Users/danjames/Library/Developer/Xcode/DerivedData/1V1Mobile-axdgjfsmmtqimxaoehmaufzgpdtu/Index.noindex/DataStore -swift-version 5 -I /Users/danjames/Library/Developer/Xcode/DerivedData/1V1Mobile-axdgjfsmmtqimxaoehmaufzgpdtu/Build/Products/Debug-iphonesimulator -F /Users/danjames/Library/Developer/Xcode/DerivedData/1V1Mobile-axdgjfsmmtqimxaoehmaufzgpdtu/Build/Products/Debug-iphonesimulator/PackageFrameworks -F /Users/danjames/Library/Developer/Xcode/DerivedData/1V1Mobile-axdgjfsmmtqimxaoehmaufzgpdtu/Build/Products/Debug-iphonesimulator/PackageFrameworks -F /Users/danjames/Library/Developer/Xcode/DerivedData/1V1Mobile-axdgjfsmmtqimxaoehmaufzgpdtu/Build/Products/Debug-iphonesimulator/PackageFrameworks -F /Users/danjames/Library/Developer/Xcode/DerivedData/1V1Mobile-axdgjfsmmtqimxaoehmaufzgpdtu/Build/Products/Debug-iphonesimulator/PackageFrameworks -F /Users/danjames/Library/Developer/Xcode/DerivedData/1V1Mobile-axdgjfsmmtqimxaoehmaufzgpdtu/Build/Products/Debug-iphonesimulator/PackageFrameworks -F /Users/danjames/Library/Developer/Xcode/DerivedData/1V1Mobile-axdgjfsmmtqimxaoehmaufzgpdtu/Build/Products/Debug-iphonesimulator/PackageFrameworks -F /Users/danjames/Library/Developer/Xcode/DerivedData/1V1Mobile-axdgjfsmmtqimxaoehmaufzgpdtu/Build/Products/Debug-iphonesimulator/PackageFrameworks -F /Users/danjames/Library/Developer/Xcode/DerivedData/1V1Mobile-axdgjfsmmtqimxaoehmaufzgpdtu/Build/Products/Debug-iphonesimulator/PackageFrameworks -F /Users/danjames/Library/Developer/Xcode/DerivedData/1V1Mobile-axdgjfsmmtqimxaoehmaufzgpdtu/Build/Products/Debug-iphonesimulator/PackageFrameworks -F /Users/danjames/Library/Developer/Xcode/DerivedData/1V1Mobile-axdgjfsmmtqimxaoehmaufzgpdtu/Build/Products/Debug-iphonesimulator/PackageFrameworks -F /Users/danjames/Library/Developer/Xcode/DerivedData/1V1Mobile-axdgjfsmmtqimxaoehmaufzgpdtu/Build/Products/Debug-iphonesimulator/PackageFrameworks -F /Users/danjames/Library/Developer/Xcode/DerivedData/1V1Mobile-axdgjfsmmtqimxaoehmaufzgpdtu/Build/Products/Debug-iphonesimulator/PackageFrameworks -F /Users/danjames/Library/Developer/Xcode/DerivedData/1V1Mobile-axdgjfsmmtqimxaoehmaufzgpdtu/Build/Products/Debug-iphonesimulator/PackageFrameworks -F /Users/danjames/Library/Developer/Xcode/DerivedData/1V1Mobile-axdgjfsmmtqimxaoehmaufzgpdtu/Build/Products/Debug-iphonesimulator/PackageFrameworks -F /Users/danjames/Library/Developer/Xcode/DerivedData/1V1Mobile-axdgjfsmmtqimxaoehmaufzgpdtu/Build/Products/Debug-iphonesimulator/PackageFrameworks -F /Users/danjames/Library/Developer/Xcode/DerivedData/1V1Mobile-axdgjfsmmtqimxaoehmaufzgpdtu/Build/Products/Debug-iphonesimulator/PackageFrameworks -F /Users/danjames/Library/Developer/Xcode/DerivedData/1V1Mobile-axdgjfsmmtqimxaoehmaufzgpdtu/Build/Products/Debug-iphonesimulator/PackageFrameworks -F /Users/danjames/Library/Developer/Xcode/DerivedData/1V1Mobile-axdgjfsmmtqimxaoehmaufzgpdtu/Build/Products/Debug-iphonesimulator/PackageFrameworks -F /Users/danjames/Library/Developer/Xcode/DerivedData/1V1Mobile-axdgjfsmmtqimxaoehmaufzgpdtu/Build/Products/Debug-iphonesimulator/PackageFrameworks -F /Users/danjames/Library/Developer/Xcode/DerivedData/1V1Mobile-axdgjfsmmtqimxaoehmaufzgpdtu/Build/Products/Debug-iphonesimulator -emit-localized-strings -emit-localized-strings-path /Users/danjames/Library/Developer/Xcode/DerivedData/1V1Mobile-axdgjfsmmtqimxaoehmaufzgpdtu/Build/Intermediates.noindex/1V1Mobile.build/Debug-iphonesimulator/1v1.build/Objects-normal/arm64 -c -j8 -enable-batch-mode -incremental -Xcc -ivfsstatcache -Xcc /Users/danjames/Library/Developer/Xcode/DerivedData/SDKStatCaches.noindex/iphonesimulator18.5-22F76-d5fc8ad4295d2ef488fb7d0f804ce0c4.sdkstatcache -output-file-map /Users/danjames/Library/Developer/Xcode/DerivedData/1V1Mobile-axdgjfsmmtqimxaoehmaufzgpdtu/Build/Intermediates.noindex/1V1Mobile.build/Debug-iphonesimulator/1v1.build/Objects-normal/arm64/1v1-OutputFileMap.json -use-frontend-parseable-output -save-temps -no-color-diagnostics -serialize-diagnostics -emit-dependencies -emit-module -emit-module-path /Users/danjames/Library/Developer/Xcode/DerivedData/1V1Mobile-axdgjfsmmtqimxaoehmaufzgpdtu/Build/Intermediates.noindex/1V1Mobile.build/Debug-iphonesimulator/1v1.build/Objects-normal/arm64/_v1.swiftmodule -validate-clang-modules-once -clang-build-session-file /Users/danjames/Library/Developer/Xcode/DerivedData/ModuleCache.noindex/Session.modulevalidation -Xcc -I/Users/danjames/Library/Developer/Xcode/DerivedData/1V1Mobile-axdgjfsmmtqimxaoehmaufzgpdtu/Build/Intermediates.noindex/1V1Mobile.build/Debug-iphonesimulator/1v1.build/swift-overrides.hmap -emit-const-values -Xfrontend -const-gather-protocols-file -Xfrontend /Users/danjames/Library/Developer/Xcode/DerivedData/1V1Mobile-axdgjfsmmtqimxaoehmaufzgpdtu/Build/Intermediates.noindex/1V1Mobile.build/Debug-iphonesimulator/1v1.build/Objects-normal/arm64/1v1_const_extract_protocols.json -Xcc -iquote -Xcc /Users/danjames/Library/Developer/Xcode/DerivedData/1V1Mobile-axdgjfsmmtqimxaoehmaufzgpdtu/Build/Intermediates.noindex/1V1Mobile.build/Debug-iphonesimulator/1v1.build/1v1-generated-files.hmap -Xcc -I/Users/danjames/Library/Developer/Xcode/DerivedData/1V1Mobile-axdgjfsmmtqimxaoehmaufzgpdtu/Build/Intermediates.noindex/1V1Mobile.build/Debug-iphonesimulator/1v1.build/1v1-own-target-headers.hmap -Xcc -I/Users/danjames/Library/Developer/Xcode/DerivedData/1V1Mobile-axdgjfsmmtqimxaoehmaufzgpdtu/Build/Intermediates.noindex/1V1Mobile.build/Debug-iphonesimulator/1v1.build/1v1-all-non-framework-target-headers.hmap -Xcc -ivfsoverlay -Xcc /Users/danjames/Library/Developer/Xcode/DerivedData/1V1Mobile-axdgjfsmmtqimxaoehmaufzgpdtu/Build/Intermediates.noindex/1V1Mobile.build/Debug-iphonesimulator/1V1Mobile-98ce40ddbce4ecf4c9dc199b800c679d-VFS-iphonesimulator/all-product-headers.yaml -Xcc -iquote -Xcc /Users/danjames/Library/Developer/Xcode/DerivedData/1V1Mobile-axdgjfsmmtqimxaoehmaufzgpdtu/Build/Intermediates.noindex/1V1Mobile.build/Debug-iphonesimulator/1v1.build/1v1-project-headers.hmap -Xcc -I/Users/danjames/Library/Developer/Xcode/DerivedData/1V1Mobile-axdgjfsmmtqimxaoehmaufzgpdtu/SourcePackages/checkouts/AppAuth-iOS/Sources/AppAuth -Xcc -I/Users/danjames/Library/Developer/Xcode/DerivedData/1V1Mobile-axdgjfsmmtqimxaoehmaufzgpdtu/SourcePackages/checkouts/AppAuth-iOS/Sources/AppAuthCore -Xcc -I/Users/danjames/Library/Developer/Xcode/DerivedData/1V1Mobile-axdgjfsmmtqimxaoehmaufzgpdtu/SourcePackages/checkouts/gtm-session-fetcher/Sources/Core/Public -Xcc -I/Users/danjames/Library/Developer/Xcode/DerivedData/1V1Mobile-axdgjfsmmtqimxaoehmaufzgpdtu/SourcePackages/checkouts/GoogleSignIn-iOS/GoogleSignIn/Sources/Public -Xcc -I/Users/danjames/Library/Developer/Xcode/DerivedData/1V1Mobile-axdgjfsmmtqimxaoehmaufzgpdtu/Build/Products/Debug-iphonesimulator/include -Xcc -I/Users/danjames/Library/Developer/Xcode/DerivedData/1V1Mobile-axdgjfsmmtqimxaoehmaufzgpdtu/Build/Intermediates.noindex/1V1Mobile.build/Debug-iphonesimulator/1v1.build/DerivedSources-normal/arm64 -Xcc -I/Users/danjames/Library/Developer/Xcode/DerivedData/1V1Mobile-axdgjfsmmtqimxaoehmaufzgpdtu/Build/Intermediates.noindex/1V1Mobile.build/Debug-iphonesimulator/1v1.build/DerivedSources/arm64 -Xcc -I/Users/danjames/Library/Developer/Xcode/DerivedData/1V1Mobile-axdgjfsmmtqimxaoehmaufzgpdtu/Build/Intermediates.noindex/1V1Mobile.build/Debug-iphonesimulator/1v1.build/DerivedSources -Xcc -DDEBUG\=1 -emit-objc-header -emit-objc-header-path /Users/danjames/Library/Developer/Xcode/DerivedData/1V1Mobile-axdgjfsmmtqimxaoehmaufzgpdtu/Build/Intermediates.noindex/1V1Mobile.build/Debug-iphonesimulator/1v1.build/Objects-normal/arm64/_v1-Swift.h -working-directory /Users/danjames/Documents/GitHub/1V1-Mobile -experimental-emit-module-separately -disable-cmo

CompileC /Users/danjames/Library/Developer/Xcode/DerivedData/1V1Mobile-axdgjfsmmtqimxaoehmaufzgpdtu/Build/Intermediates.noindex/GTMSessionFetcher.build/Debug-iphonesimulator/GTMSessionFetcherCore.build/Objects-normal/arm64/GTMSessionFetcherService.o /Users/danjames/Library/Developer/Xcode/DerivedData/1V1Mobile-axdgjfsmmtqimxaoehmaufzgpdtu/SourcePackages/checkouts/gtm-session-fetcher/Sources/Core/GTMSessionFetcherService.m normal arm64 objective-c com.apple.compilers.llvm.clang.1_0.compiler (in target 'GTMSessionFetcherCore' from project 'GTMSessionFetcher')
    cd /Users/danjames/Documents/GitHub/1V1-Mobile/1V1Mobile.xcodeproj
    
    Using response file: /Users/danjames/Library/Developer/Xcode/DerivedData/1V1Mobile-axdgjfsmmtqimxaoehmaufzgpdtu/Build/Intermediates.noindex/GTMSessionFetcher.build/Debug-iphonesimulator/GTMSessionFetcherCore.build/Objects-normal/arm64/e6072d4f65d7061329687fe24e3d63a7-common-args.resp
    
    /Applications/Xcode.app/Contents/Developer/Toolchains/XcodeDefault.xctoolchain/usr/bin/clang -x objective-c -ivfsstatcache /Users/danjames/Library/Developer/Xcode/DerivedData/SDKStatCaches.noindex/iphonesimulator18.5-22F76-d5fc8ad4295d2ef488fb7d0f804ce0c4.sdkstatcache -fmessage-length\=0 -fdiagnostics-show-note-include-stack -fmacro-backtrace-limit\=0 -fno-color-diagnostics -fmodules-prune-interval\=86400 -fmodules-prune-after\=345600 -fbuild-session-file\=/Users/danjames/Library/Developer/Xcode/DerivedData/ModuleCache.noindex/Session.modulevalidation -fmodules-validate-once-per-build-session -Wnon-modular-include-in-framework-module -Werror\=non-modular-include-in-framework-module -Wno-trigraphs -Wno-missing-field-initializers -Wno-missing-prototypes -Wno-return-type -Wno-implicit-atomic-properties -Wno-objc-interface-ivars -Wno-arc-repeated-use-of-weak -Wno-missing-braces -Wparentheses -Wswitch -Wno-unused-function -Wno-unused-label -Wno-unused-parameter -Wno-unused-variable -Wunused-value -Wno-empty-body -Wno-uninitialized -Wno-unknown-pragmas -w -Wno-shadow -Wno-four-char-constants -Wno-conversion -Wno-constant-conversion -Wno-int-conversion -Wno-bool-conversion -Wno-enum-conversion -Wno-float-conversion -Wno-non-literal-null-conversion -Wno-objc-literal-conversion -Wshorten-64-to-32 -Wpointer-sign -Wno-newline-eof -Wno-selector -Wno-strict-selector-match -Wno-undeclared-selector -Wno-deprecated-implementations -Wno-implicit-fallthrough -fstrict-aliasing -Wprotocol -Wdeprecated-declarations -Wno-sign-conversion -Wno-infinite-recursion -Wno-comma -Wno-block-capture-autoreleasing -Wno-strict-prototypes -Wno-semicolon-before-method-body -index-store-path /Users/danjames/Library/Developer/Xcode/DerivedData/1V1Mobile-axdgjfsmmtqimxaoehmaufzgpdtu/Index.noindex/DataStore @/Users/danjames/Library/Developer/Xcode/DerivedData/1V1Mobile-axdgjfsmmtqimxaoehmaufzgpdtu/Build/Intermediates.noindex/GTMSessionFetcher.build/Debug-iphonesimulator/GTMSessionFetcherCore.build/Objects-normal/arm64/e6072d4f65d7061329687fe24e3d63a7-common-args.resp -include /Users/danjames/Library/Developer/Xcode/DerivedData/1V1Mobile-axdgjfsmmtqimxaoehmaufzgpdtu/Build/Intermediates.noindex/GTMSessionFetcher.build/Debug-iphonesimulator/GTMSessionFetcherCore.build/DerivedSources/resource_bundle_accessor.h -MMD -MT dependencies -MF /Users/danjames/Library/Developer/Xcode/DerivedData/1V1Mobile-axdgjfsmmtqimxaoehmaufzgpdtu/Build/Intermediates.noindex/GTMSessionFetcher.build/Debug-iphonesimulator/GTMSessionFetcherCore.build/Objects-normal/arm64/GTMSessionFetcherService.d --serialize-diagnostics /Users/danjames/Library/Developer/Xcode/DerivedData/1V1Mobile-axdgjfsmmtqimxaoehmaufzgpdtu/Build/Intermediates.noindex/GTMSessionFetcher.build/Debug-iphonesimulator/GTMSessionFetcherCore.build/Objects-normal/arm64/GTMSessionFetcherService.dia -c /Users/danjames/Library/Developer/Xcode/DerivedData/1V1Mobile-axdgjfsmmtqimxaoehmaufzgpdtu/SourcePackages/checkouts/gtm-session-fetcher/Sources/Core/GTMSessionFetcherService.m -o /Users/danjames/Library/Developer/Xcode/DerivedData/1V1Mobile-axdgjfsmmtqimxaoehmaufzgpdtu/Build/Intermediates.noindex/GTMSessionFetcher.build/Debug-iphonesimulator/GTMSessionFetcherCore.build/Objects-normal/arm64/GTMSessionFetcherService.o -index-unit-output-path /GTMSessionFetcher.build/Debug-iphonesimulator/GTMSessionFetcherCore.build/Objects-normal/arm64/GTMSessionFetcherService.o
Failed frontend command:
/Applications/Xcode.app/Contents/Developer/Toolchains/XcodeDefault.xctoolchain/usr/bin/clang -cc1 -Wundef-prefix\=TARGET_OS_ -fdiagnostics-show-note-include-stack -fmacro-backtrace-limit\=0 -w -ferror-limit 19 -serialize-diagnostic-file /Users/danjames/Library/Developer/Xcode/DerivedData/1V1Mobile-axdgjfsmmtqimxaoehmaufzgpdtu/Build/Intermediates.noindex/GTMSessionFetcher.build/Debug-iphonesimulator/GTMSessionFetcherCore.build/Objects-normal/arm64/GTMSessionFetcherService.dia -Wdeprecated-objc-isa-usage -Werror\=deprecated-objc-isa-usage -Werror\=implicit-function-declaration -Wnon-modular-include-in-framework-module -Werror\=non-modular-include-in-framework-module -Wno-trigraphs -Wno-missing-field-initializers -Wno-missing-prototypes -Wno-return-type -Wno-implicit-atomic-properties -Wno-objc-interface-ivars -Wno-arc-repeated-use-of-weak -Wno-missing-braces -Wparentheses -Wswitch -Wno-unused-function -Wno-unused-label -Wno-unused-parameter -Wno-unused-variable -Wunused-value -Wno-empty-body -Wno-uninitialized -Wno-unknown-pragmas -Wno-shadow -Wno-four-char-constants -Wno-conversion -Wno-constant-conversion -Wno-int-conversion -Wno-bool-conversion -Wno-enum-conversion -Wno-float-conversion -Wno-non-literal-null-conversion -Wno-objc-literal-conversion -Wshorten-64-to-32 -Wpointer-sign -Wno-newline-eof -Wno-selector -Wno-strict-selector-match -Wno-undeclared-selector -Wno-deprecated-implementations -Wno-implicit-fallthrough -Wprotocol -Wdeprecated-declarations -Wno-sign-conversion -Wno-infinite-recursion -Wno-comma -Wno-block-capture-autoreleasing -Wno-strict-prototypes -Wno-semicolon-before-method-body -Wno-reorder-init-list -Wno-implicit-int-float-conversion -Wno-c99-designator -Wno-final-dtor-non-final-class -Wno-extra-semi-stmt -Wno-misleading-indentation -Wno-quoted-include-in-framework-header -Wno-implicit-fallthrough -Wno-enum-enum-conversion -Wno-enum-float-conversion -Wno-elaborated-enum-base -Wno-reserved-identifier -Wno-gnu-folding-constant -index-store-path /Users/danjames/Library/Developer/Xcode/DerivedData/1V1Mobile-axdgjfsmmtqimxaoehmaufzgpdtu/Index.noindex/DataStore -index-unit-output-path /GTMSessionFetcher.build/Debug-iphonesimulator/GTMSessionFetcherCore.build/Objects-normal/arm64/GTMSessionFetcherService.o -fmodule-map-file\=/Applications/Xcode.app/Contents/Developer/Platforms/iPhoneSimulator.platform/Developer/SDKs/iPhoneSimulator.sdk/usr/include/Darwin.modulemap -fmodule-map-file\=/Applications/Xcode.app/Contents/Developer/Platforms/iPhoneSimulator.platform/Developer/SDKs/iPhoneSimulator.sdk/System/Library/Frameworks/Foundation.framework/Modules/module.modulemap -fmodule-map-file\=/Applications/Xcode.app/Contents/Developer/Platforms/iPhoneSimulator.platform/Developer/SDKs/iPhoneSimulator.sdk/System/Library/Frameworks/UIKit.framework/Modules/module.modulemap -o /Users/danjames/Library/Developer/Xcode/DerivedData/1V1Mobile-axdgjfsmmtqimxaoehmaufzgpdtu/Build/Intermediates.noindex/GTMSessionFetcher.build/Debug-iphonesimulator/GTMSessionFetcherCore.build/Objects-normal/arm64/GTMSessionFetcherService.o -disable-free -emit-obj -x objective-c /Users/danjames/Library/Developer/Xcode/DerivedData/1V1Mobile-axdgjfsmmtqimxaoehmaufzgpdtu/SourcePackages/checkouts/gtm-session-fetcher/Sources/Core/GTMSessionFetcherService.m -target-abi darwinpcs -target-cpu apple-m1 -target-feature +zcm -target-feature +zcz -target-feature +v8.5a -target-feature +aes -target-feature +altnzcv -target-feature +ccdp -target-feature +complxnum -target-feature +crc -target-feature +dotprod -target-feature +fp-armv8 -target-feature +fp16fml -target-feature +fptoint -target-feature +fullfp16 -target-feature +jsconv -target-feature +lse -target-feature +neon -target-feature +pauth -target-feature +perfmon -target-feature +predres -target-feature +ras -target-feature +rcpc -target-feature +rdm -target-feature +sb -target-feature +sha2 -target-feature +sha3 -target-feature +specrestrict -target-feature +ssbs -triple arm64-apple-ios12.0.0-simulator -target-linker-version 1167.5 -target-sdk-version\=18.5 -fmodules-validate-system-headers -fno-modulemap-allow-subdirectory-search -isysroot /Applications/Xcode.app/Contents/Developer/Platforms/iPhoneSimulator.platform/Developer/SDKs/iPhoneSimulator18.5.sdk -resource-dir /Applications/Xcode.app/Contents/Developer/Toolchains/XcodeDefault.xctoolchain/usr/lib/clang/17 -fmodule-format\=obj -fmodule-file\=Darwin\=/Users/danjames/Library/Developer/Xcode/DerivedData/1V1Mobile-axdgjfsmmtqimxaoehmaufzgpdtu/Build/Intermediates.noindex/ExplicitPrecompiledModules/Darwin-89B4UDSIGTLHNGIC41E2V2H1S.pcm -fmodule-file\=Foundation\=/Users/danjames/Library/Developer/Xcode/DerivedData/1V1Mobile-axdgjfsmmtqimxaoehmaufzgpdtu/Build/Intermediates.noindex/ExplicitPrecompiledModules/Foundation-1P53PGL2PUEOOQ1QRNEI88QQ3.pcm -fmodule-file\=UIKit\=/Users/danjames/Library/Developer/Xcode/DerivedData/1V1Mobile-axdgjfsmmtqimxaoehmaufzgpdtu/Build/Intermediates.noindex/ExplicitPrecompiledModules/UIKit-70TMXNGIK72DRRNPUUB4M4CX2.pcm -I /Users/danjames/Library/Developer/Xcode/DerivedData/1V1Mobile-axdgjfsmmtqimxaoehmaufzgpdtu/Build/Products/Debug-iphonesimulator/include -I /Users/danjames/Library/Developer/Xcode/DerivedData/1V1Mobile-axdgjfsmmtqimxaoehmaufzgpdtu/SourcePackages/checkouts/gtm-session-fetcher/Sources/Core/Public -I /Users/danjames/Library/Developer/Xcode/DerivedData/1V1Mobile-axdgjfsmmtqimxaoehmaufzgpdtu/Build/Intermediates.noindex/GTMSessionFetcher.build/Debug-iphonesimulator/GTMSessionFetcherCore.build/DerivedSources-normal/arm64 -I /Users/danjames/Library/Developer/Xcode/DerivedData/1V1Mobile-axdgjfsmmtqimxaoehmaufzgpdtu/Build/Intermediates.noindex/GTMSessionFetcher.build/Debug-iphonesimulator/GTMSessionFetcherCore.build/DerivedSources/arm64 -I /Users/danjames/Library/Developer/Xcode/DerivedData/1V1Mobile-axdgjfsmmtqimxaoehmaufzgpdtu/Build/Intermediates.noindex/GTMSessionFetcher.build/Debug-iphonesimulator/GTMSessionFetcherCore.build/DerivedSources -F /Users/danjames/Library/Developer/Xcode/DerivedData/1V1Mobile-axdgjfsmmtqimxaoehmaufzgpdtu/Build/Products/Debug-iphonesimulator -iframework /Applications/Xcode.app/Contents/Developer/Platforms/iPhoneSimulator.platform/Developer/Library/Frameworks -iframework /Applications/Xcode.app/Contents/Developer/Platforms/iPhoneSimulator.platform/Developer/SDKs/iPhoneSimulator18.5.sdk/Developer/Library/Frameworks -internal-isystem /Applications/Xcode.app/Contents/Developer/Platforms/iPhoneSimulator.platform/Developer/SDKs/iPhoneSimulator18.5.sdk/usr/local/include -internal-isystem /Applications/Xcode.app/Contents/Developer/Toolchains/XcodeDefault.xctoolchain/usr/lib/clang/17/include -internal-externc-isystem /Applications/Xcode.app/Contents/Developer/Platforms/iPhoneSimulator.platform/Developer/SDKs/iPhoneSimulator18.5.sdk/usr/include -internal-externc-isystem /Applications/Xcode.app/Contents/Developer/Toolchains/XcodeDefault.xctoolchain/usr/include -ivfsstatcache /Users/danjames/Library/Developer/Xcode/DerivedData/SDKStatCaches.noindex/iphonesimulator18.5-22F76-d5fc8ad4295d2ef488fb7d0f804ce0c4.sdkstatcache -std\=gnu11 -fexceptions -fskip-odr-check-in-gmf -fmodules -fmodule-name\=GTMSessionFetcherCore -fno-implicit-modules -fobjc-exceptions -fmax-type-align\=16 -fpascal-strings -fvisibility-inlines-hidden-static-local-var -mdarwin-stkchk-strong-link -fno-odr-hash-protocols -pic-level 2 -fencode-extended-block-signature -stack-protector 1 -fobjc-runtime\=ios-12.0.0 -fobjc-arc -fobjc-runtime-has-weak -fobjc-weak -fgnuc-version\=4.2.1 -fblocks -ffp-contract\=on -fclang-abi-compat\=4.0 -fno-experimental-relative-c++-abi-vtables -fno-file-reproducible -clang-vendor-feature\=+disableNonDependentMemberExprInCurrentInstantiation -clang-vendor-feature\=+enableAggressiveVLAFolding -clang-vendor-feature\=+revert09abecef7bbf -clang-vendor-feature\=+thisNoAlignAttr -clang-vendor-feature\=+thisNoNullAttr -clang-vendor-feature\=+disableAtImportPrivateFrameworkInImplementationError -O0 -fno-assume-unique-vtables -fdebug-compilation-dir\=/Users/danjames/Documents/GitHub/1V1-Mobile/1V1Mobile.xcodeproj -fcoverage-compilation-dir\=/Users/danjames/Documents/GitHub/1V1-Mobile/1V1Mobile.xcodeproj -fcoverage-mapping -fcommon -fobjc-msgsend-selector-stubs -fregister-global-dtors-with-atexit -fno-strict-return -dwarf-version\=4 -debugger-tuning\=lldb -disable-llvm-verifier -dwarf-ext-refs -funwind-tables\=1 -fprofile-instrument\=clang -clear-ast-before-backend -discard-value-names -main-file-name GTMSessionFetcherService.m -mframe-pointer\=non-leaf -debug-info-kind\=standalone -fdiagnostics-hotness-threshold\=0 -fdiagnostics-misexpect-tolerance\=0 -D DEBUG\=1 -D OBJC_OLD_DISPATCH_PROTOTYPES\=1 -D SWIFT_PACKAGE -D Xcode -D __GCC_HAVE_DWARF2_CFI_ASM\=1 -include /Users/danjames/Library/Developer/Xcode/DerivedData/1V1Mobile-axdgjfsmmtqimxaoehmaufzgpdtu/Build/Intermediates.noindex/GTMSessionFetcher.build/Debug-iphonesimulator/GTMSessionFetcherCore.build/DerivedSources/resource_bundle_accessor.h -fdefine-target-os-macros -MT dependencies -dependency-file /Users/danjames/Library/Developer/Xcode/DerivedData/1V1Mobile-axdgjfsmmtqimxaoehmaufzgpdtu/Build/Intermediates.noindex/GTMSessionFetcher.build/Debug-iphonesimulator/GTMSessionFetcherCore.build/Objects-normal/arm64/GTMSessionFetcherService.d -skip-unused-modulemap-deps

Copy /Users/danjames/Library/Developer/Xcode/DerivedData/1V1Mobile-axdgjfsmmtqimxaoehmaufzgpdtu/Build/Products/Debug-iphonesimulator/_v1.swiftmodule/arm64-apple-ios-simulator.swiftmodule /Users/danjames/Library/Developer/Xcode/DerivedData/1V1Mobile-axdgjfsmmtqimxaoehmaufzgpdtu/Build/Intermediates.noindex/1V1Mobile.build/Debug-iphonesimulator/1v1.build/Objects-normal/arm64/_v1.swiftmodule (in target '1v1' from project '1V1Mobile')
    cd /Users/danjames/Documents/GitHub/1V1-Mobile
    builtin-copy -exclude .DS_Store -exclude CVS -exclude .svn -exclude .git -exclude .hg -resolve-src-symlinks -rename /Users/danjames/Library/Developer/Xcode/DerivedData/1V1Mobile-axdgjfsmmtqimxaoehmaufzgpdtu/Build/Intermediates.noindex/1V1Mobile.build/Debug-iphonesimulator/1v1.build/Objects-normal/arm64/_v1.swiftmodule /Users/danjames/Library/Developer/Xcode/DerivedData/1V1Mobile-axdgjfsmmtqimxaoehmaufzgpdtu/Build/Products/Debug-iphonesimulator/_v1.swiftmodule/arm64-apple-ios-simulator.swiftmodule

** BUILD FAILED **


The following build commands failed:
	SwiftCompile normal arm64 Compiling\ GameConfiguration.swift,\ MainTabView.swift,\ AuthService.swift,\ SharedProfileView.swift,\ NavigationManager.swift,\ UserProfileService.swift /Users/danjames/Documents/GitHub/1V1-Mobile/1v1/Models/GameConfiguration.swift /Users/danjames/Documents/GitHub/1V1-Mobile/1v1/Views/MainTabView.swift /Users/danjames/Documents/GitHub/1V1-Mobile/1v1/Services/AuthService.swift /Users/danjames/Documents/GitHub/1V1-Mobile/1v1/Views/SharedProfileView.swift /Users/danjames/Documents/GitHub/1V1-Mobile/1v1/Services/NavigationManager.swift /Users/danjames/Documents/GitHub/1V1-Mobile/1v1/Services/UserProfileService.swift (in target '1v1' from project '1V1Mobile')
	SwiftCompile normal arm64 /Users/danjames/Documents/GitHub/1V1-Mobile/1v1/Models/GameConfiguration.swift (in target '1v1' from project '1V1Mobile')
	SwiftCompile normal arm64 /Users/danjames/Documents/GitHub/1V1-Mobile/1v1/Views/MainTabView.swift (in target '1v1' from project '1V1Mobile')
	SwiftCompile normal arm64 /Users/danjames/Documents/GitHub/1V1-Mobile/1v1/Services/AuthService.swift (in target '1v1' from project '1V1Mobile')
	SwiftCompile normal arm64 /Users/danjames/Documents/GitHub/1V1-Mobile/1v1/Views/SharedProfileView.swift (in target '1v1' from project '1V1Mobile')
	SwiftCompile normal arm64 /Users/danjames/Documents/GitHub/1V1-Mobile/1v1/Services/NavigationManager.swift (in target '1v1' from project '1V1Mobile')
	SwiftCompile normal arm64 /Users/danjames/Documents/GitHub/1V1-Mobile/1v1/Services/UserProfileService.swift (in target '1v1' from project '1V1Mobile')
	Building project 1V1Mobile with scheme 1v1
(8 failures)
